Finished building: ../src/helloworld.c
 
Building target: debug.elf
Invoking: ARM v7 gcc linker
arm-none-eabi-gcc -mcpu=cortex-a9 -mfpu=vfpv3 -mfloat-abi=hard -Wl,-build-id=none -specs=Xilinx.spec -Wl,-T -Wl,../src/lscript.ld -L../../debug_bsp/ps7_cortexa9_0/lib -o "debug.elf"  ./src/helloworld.o ./src/platform.o   -Wl,--start-group,-lxil,-lgcc,-lc,--end-group
Finished building target: debug.elf
 
Invoking: ARM v7 Print Size
arm-none-eabi-size debug.elf  |tee "debug.elf.size"
   text	   data	    bss	    dec	    hex	filename
  22744	   2724	  22600	  48068	   bbc4	debug.elf
Finished building: debug.elf.size
 
22:39:46 **** Incremental Build of configuration Debug for project debug ****
make pre-build main-build 
a9-linaro-pre-build-step
 
make: No se hace nada para `main-build'.
22:39:56 **** Incremental Build of configuration Debug for project debug ****
make pre-build main-build 
a9-linaro-pre-build-step
 
make: No se hace nada para `main-build'.
23:10:09 **** Auto Build of configuration Debug for project debug ****
make pre-build main-build 
a9-linaro-pre-build-step
 
Building file: ../src/helloworld.c
Invoking: ARM v7 gcc compiler
arm-none-eabi-gcc -Wall -O0 -g3 -c -fmessage-length=0 -MT"src/helloworld.o" -mcpu=cortex-a9 -mfpu=vfpv3 -mfloat-abi=hard -I../../debug_bsp/ps7_cortexa9_0/include -MMD -MP -MF"src/helloworld.d" -MT"src/helloworld.o" -o "src/helloworld.o" "../src/helloworld.c"
../src/helloworld.c: In function 'ScuGicInterrupt_Init':
../src/helloworld.c:61:1: warning: control reaches end of non-void function [-Wreturn-type]
 }
 ^
Finished building: ../src/helloworld.c
 
Building target: debug.elf
Invoking: ARM v7 gcc linker
arm-none-eabi-gcc -mcpu=cortex-a9 -mfpu=vfpv3 -mfloat-abi=hard -Wl,-build-id=none -specs=Xilinx.spec -Wl,-T -Wl,../src/lscript.ld -L../../debug_bsp/ps7_cortexa9_0/lib -o "debug.elf"  ./src/helloworld.o ./src/platform.o   -Wl,--start-group,-lxil,-lgcc,-lc,--end-group
Finished building target: debug.elf
 
Invoking: ARM v7 Print Size
arm-none-eabi-size debug.elf  |tee "debug.elf.size"
   text	   data	    bss	    dec	    hex	filename
  22744	   2724	  22600	  48068	   bbc4	debug.elf
Finished building: debug.elf.size
 
23:10:24 **** Incremental Build of configuration Debug for project debug ****
make pre-build main-build 
a9-linaro-pre-build-step
 
make: No se hace nada para `main-build'.
