16:35:00 **** Incremental Build of configuration Debug for project debug ****
make pre-build main-build 
a9-linaro-pre-build-step
 
make: No se hace nada para `main-build'.
16:35:04 **** Incremental Build of configuration Debug for project debug ****
make pre-build main-build 
a9-linaro-pre-build-step
 
make: No se hace nada para `main-build'.
16:35:35 **** Auto Build of configuration Debug for project debug ****
make pre-build main-build 
a9-linaro-pre-build-step
 
Building file: ../src/main.c
Invoking: ARM v7 gcc compiler
arm-none-eabi-gcc -Wall -O0 -g3 -c -fmessage-length=0 -MT"src/main.o" -mcpu=cortex-a9 -mfpu=vfpv3 -mfloat-abi=hard -I../../debug_bsp/ps7_cortexa9_0/include -MMD -MP -MF"src/main.d" -MT"src/main.o" -o "src/main.o" "../src/main.c"
In file included from ../../debug_bsp/ps7_cortexa9_0/include/xuartps.h:187:0,
                 from ../src/main.c:9:
../src/main.c: In function 'cdma_transfer':
../../debug_bsp/ps7_cortexa9_0/include/xstatus.h:65:41: warning: 'return' with a value, in function returning void
 #define XST_FAILURE                     1L
                                         ^
../src/main.c:199:11: note: in expansion of macro 'XST_FAILURE'
    return XST_FAILURE;
           ^~~~~~~~~~~
../src/main.c:183:6: note: declared here
 void cdma_transfer(int modo,u8 * cdma_memory,u8 * source, int numofbytes){
      ^~~~~~~~~~~~~
At top level:
../src/main.c:276:13: warning: 'Example_CallBack' defined but not used [-Wunused-function]
 static void Example_CallBack(void *CallBackRef, u32 IrqMask, int *IgnorePtr)
             ^~~~~~~~~~~~~~~~
Finished building: ../src/main.c
 
Building target: debug.elf
Invoking: ARM v7 gcc linker
arm-none-eabi-gcc -mcpu=cortex-a9 -mfpu=vfpv3 -mfloat-abi=hard -Wl,-build-id=none -specs=Xilinx.spec -Wl,-T -Wl,../src/lscript.ld -L../../debug_bsp/ps7_cortexa9_0/lib -o "debug.elf"  ./src/main.o   -Wl,--start-group,-lxil,-lgcc,-lc,--end-group
Finished building target: debug.elf
 
Invoking: ARM v7 Print Size
arm-none-eabi-size debug.elf  |tee "debug.elf.size"
   text	   data	    bss	    dec	    hex	filename
  38256	   1212	  23048	  62516	   f434	debug.elf
Finished building: debug.elf.size
 
16:35:47 **** Auto Build of configuration Debug for project debug ****
make pre-build main-build 
a9-linaro-pre-build-step
 
Building file: ../src/main.c
Invoking: ARM v7 gcc compiler
arm-none-eabi-gcc -Wall -O0 -g3 -c -fmessage-length=0 -MT"src/main.o" -mcpu=cortex-a9 -mfpu=vfpv3 -mfloat-abi=hard -I../../debug_bsp/ps7_cortexa9_0/include -MMD -MP -MF"src/main.d" -MT"src/main.o" -o "src/main.o" "../src/main.c"
In file included from ../../debug_bsp/ps7_cortexa9_0/include/xuartps.h:187:0,
                 from ../src/main.c:9:
../src/main.c: In function 'cdma_transfer':
../../debug_bsp/ps7_cortexa9_0/include/xstatus.h:65:41: warning: 'return' with a value, in function returning void
 #define XST_FAILURE                     1L
                                         ^
../src/main.c:199:11: note: in expansion of macro 'XST_FAILURE'
    return XST_FAILURE;
           ^~~~~~~~~~~
../src/main.c:183:6: note: declared here
 void cdma_transfer(int modo,u8 * cdma_memory,u8 * source, int numofbytes){
      ^~~~~~~~~~~~~
At top level:
../src/main.c:276:13: warning: 'Example_CallBack' defined but not used [-Wunused-function]
 static void Example_CallBack(void *CallBackRef, u32 IrqMask, int *IgnorePtr)
             ^~~~~~~~~~~~~~~~
Finished building: ../src/main.c
 
Building target: debug.elf
Invoking: ARM v7 gcc linker
arm-none-eabi-gcc -mcpu=cortex-a9 -mfpu=vfpv3 -mfloat-abi=hard -Wl,-build-id=none -specs=Xilinx.spec -Wl,-T -Wl,../src/lscript.ld -L../../debug_bsp/ps7_cortexa9_0/lib -o "debug.elf"  ./src/main.o   -Wl,--start-group,-lxil,-lgcc,-lc,--end-group
Finished building target: debug.elf
 
Invoking: ARM v7 Print Size
arm-none-eabi-size debug.elf  |tee "debug.elf.size"
   text	   data	    bss	    dec	    hex	filename
  38256	   1212	  23048	  62516	   f434	debug.elf
Finished building: debug.elf.size
 
16:35:50 **** Incremental Build of configuration Debug for project debug ****
make pre-build main-build 
a9-linaro-pre-build-step
 
make: No se hace nada para `main-build'.
16:44:32 **** Incremental Build of configuration Debug for project debug ****
make pre-build main-build 
a9-linaro-pre-build-step
 
Building file: ../src/main.c
Invoking: ARM v7 gcc compiler
arm-none-eabi-gcc -Wall -O0 -g3 -c -fmessage-length=0 -MT"src/main.o" -mcpu=cortex-a9 -mfpu=vfpv3 -mfloat-abi=hard -I../../debug_bsp/ps7_cortexa9_0/include -MMD -MP -MF"src/main.d" -MT"src/main.o" -o "src/main.o" "../src/main.c"
In file included from ../../debug_bsp/ps7_cortexa9_0/include/xuartps.h:187:0,
                 from ../src/main.c:9:
../src/main.c: In function 'cdma_transfer':
../../debug_bsp/ps7_cortexa9_0/include/xstatus.h:65:41: warning: 'return' with a value, in function returning void
 #define XST_FAILURE                     1L
                                         ^
../src/main.c:199:11: note: in expansion of macro 'XST_FAILURE'
    return XST_FAILURE;
           ^~~~~~~~~~~
../src/main.c:183:6: note: declared here
 void cdma_transfer(int modo,u8 * cdma_memory,u8 * source, int numofbytes){
      ^~~~~~~~~~~~~
At top level:
../src/main.c:276:13: warning: 'Example_CallBack' defined but not used [-Wunused-function]
 static void Example_CallBack(void *CallBackRef, u32 IrqMask, int *IgnorePtr)
             ^~~~~~~~~~~~~~~~
Finished building: ../src/main.c
 
Building target: debug.elf
Invoking: ARM v7 gcc linker
arm-none-eabi-gcc -mcpu=cortex-a9 -mfpu=vfpv3 -mfloat-abi=hard -Wl,-build-id=none -specs=Xilinx.spec -Wl,-T -Wl,../src/lscript.ld -L../../debug_bsp/ps7_cortexa9_0/lib -o "debug.elf"  ./src/main.o   -Wl,--start-group,-lxil,-lgcc,-lc,--end-group
Finished building target: debug.elf
 
Invoking: ARM v7 Print Size
arm-none-eabi-size debug.elf  |tee "debug.elf.size"
   text	   data	    bss	    dec	    hex	filename
  38256	   1212	  23048	  62516	   f434	debug.elf
Finished building: debug.elf.size
 
16:46:20 **** Incremental Build of configuration Debug for project debug ****
make pre-build main-build 
a9-linaro-pre-build-step
 
make: No se hace nada para `main-build'.
16:46:32 **** Incremental Build of configuration Debug for project debug ****
make pre-build main-build 
a9-linaro-pre-build-step
 
make: No se hace nada para `main-build'.
16:47:21 **** Auto Build of configuration Debug for project debug ****
make pre-build main-build 
a9-linaro-pre-build-step
 
Building file: ../src/main.c
Invoking: ARM v7 gcc compiler
arm-none-eabi-gcc -Wall -O0 -g3 -c -fmessage-length=0 -MT"src/main.o" -mcpu=cortex-a9 -mfpu=vfpv3 -mfloat-abi=hard -I../../debug_bsp/ps7_cortexa9_0/include -MMD -MP -MF"src/main.d" -MT"src/main.o" -o "src/main.o" "../src/main.c"
In file included from ../../debug_bsp/ps7_cortexa9_0/include/xuartps.h:187:0,
                 from ../src/main.c:9:
../src/main.c: In function 'cdma_transfer':
../../debug_bsp/ps7_cortexa9_0/include/xstatus.h:65:41: warning: 'return' with a value, in function returning void
 #define XST_FAILURE                     1L
                                         ^
../src/main.c:199:11: note: in expansion of macro 'XST_FAILURE'
    return XST_FAILURE;
           ^~~~~~~~~~~
../src/main.c:183:6: note: declared here
 void cdma_transfer(int modo,u8 * cdma_memory,u8 * source, int numofbytes){
      ^~~~~~~~~~~~~
At top level:
../src/main.c:276:13: warning: 'Example_CallBack' defined but not used [-Wunused-function]
 static void Example_CallBack(void *CallBackRef, u32 IrqMask, int *IgnorePtr)
             ^~~~~~~~~~~~~~~~
Finished building: ../src/main.c
 
Building target: debug.elf
Invoking: ARM v7 gcc linker
arm-none-eabi-gcc -mcpu=cortex-a9 -mfpu=vfpv3 -mfloat-abi=hard -Wl,-build-id=none -specs=Xilinx.spec -Wl,-T -Wl,../src/lscript.ld -L../../debug_bsp/ps7_cortexa9_0/lib -o "debug.elf"  ./src/main.o   -Wl,--start-group,-lxil,-lgcc,-lc,--end-group
Finished building target: debug.elf
 
Invoking: ARM v7 Print Size
arm-none-eabi-size debug.elf  |tee "debug.elf.size"
   text	   data	    bss	    dec	    hex	filename
  38256	   1212	  23048	  62516	   f434	debug.elf
Finished building: debug.elf.size
 
16:47:24 **** Incremental Build of configuration Debug for project debug ****
make pre-build main-build 
a9-linaro-pre-build-step
 
make: No se hace nada para `main-build'.
16:47:56 **** Auto Build of configuration Debug for project debug ****
make pre-build main-build 
a9-linaro-pre-build-step
 
Building file: ../src/main.c
Invoking: ARM v7 gcc compiler
arm-none-eabi-gcc -Wall -O0 -g3 -c -fmessage-length=0 -MT"src/main.o" -mcpu=cortex-a9 -mfpu=vfpv3 -mfloat-abi=hard -I../../debug_bsp/ps7_cortexa9_0/include -MMD -MP -MF"src/main.d" -MT"src/main.o" -o "src/main.o" "../src/main.c"
In file included from ../../debug_bsp/ps7_cortexa9_0/include/xuartps.h:187:0,
                 from ../src/main.c:9:
../src/main.c: In function 'cdma_transfer':
../../debug_bsp/ps7_cortexa9_0/include/xstatus.h:65:41: warning: 'return' with a value, in function returning void
 #define XST_FAILURE                     1L
                                         ^
../src/main.c:199:11: note: in expansion of macro 'XST_FAILURE'
    return XST_FAILURE;
           ^~~~~~~~~~~
../src/main.c:183:6: note: declared here
 void cdma_transfer(int modo,u8 * cdma_memory,u8 * source, int numofbytes){
      ^~~~~~~~~~~~~
At top level:
../src/main.c:276:13: warning: 'Example_CallBack' defined but not used [-Wunused-function]
 static void Example_CallBack(void *CallBackRef, u32 IrqMask, int *IgnorePtr)
             ^~~~~~~~~~~~~~~~
Finished building: ../src/main.c
 
Building target: debug.elf
Invoking: ARM v7 gcc linker
arm-none-eabi-gcc -mcpu=cortex-a9 -mfpu=vfpv3 -mfloat-abi=hard -Wl,-build-id=none -specs=Xilinx.spec -Wl,-T -Wl,../src/lscript.ld -L../../debug_bsp/ps7_cortexa9_0/lib -o "debug.elf"  ./src/main.o   -Wl,--start-group,-lxil,-lgcc,-lc,--end-group
Finished building target: debug.elf
 
Invoking: ARM v7 Print Size
arm-none-eabi-size debug.elf  |tee "debug.elf.size"
   text	   data	    bss	    dec	    hex	filename
  38256	   1212	  23048	  62516	   f434	debug.elf
Finished building: debug.elf.size
 
16:47:59 **** Incremental Build of configuration Debug for project debug ****
make pre-build main-build 
a9-linaro-pre-build-step
 
make: No se hace nada para `main-build'.
16:48:22 **** Auto Build of configuration Debug for project debug ****
make pre-build main-build 
a9-linaro-pre-build-step
 
Building file: ../src/main.c
Invoking: ARM v7 gcc compiler
arm-none-eabi-gcc -Wall -O0 -g3 -c -fmessage-length=0 -MT"src/main.o" -mcpu=cortex-a9 -mfpu=vfpv3 -mfloat-abi=hard -I../../debug_bsp/ps7_cortexa9_0/include -MMD -MP -MF"src/main.d" -MT"src/main.o" -o "src/main.o" "../src/main.c"
In file included from ../../debug_bsp/ps7_cortexa9_0/include/xuartps.h:187:0,
                 from ../src/main.c:9:
../src/main.c: In function 'cdma_transfer':
../../debug_bsp/ps7_cortexa9_0/include/xstatus.h:65:41: warning: 'return' with a value, in function returning void
 #define XST_FAILURE                     1L
                                         ^
../src/main.c:199:11: note: in expansion of macro 'XST_FAILURE'
    return XST_FAILURE;
           ^~~~~~~~~~~
../src/main.c:183:6: note: declared here
 void cdma_transfer(int modo,u8 * cdma_memory,u8 * source, int numofbytes){
      ^~~~~~~~~~~~~
At top level:
../src/main.c:276:13: warning: 'Example_CallBack' defined but not used [-Wunused-function]
 static void Example_CallBack(void *CallBackRef, u32 IrqMask, int *IgnorePtr)
             ^~~~~~~~~~~~~~~~
Finished building: ../src/main.c
 
Building target: debug.elf
Invoking: ARM v7 gcc linker
arm-none-eabi-gcc -mcpu=cortex-a9 -mfpu=vfpv3 -mfloat-abi=hard -Wl,-build-id=none -specs=Xilinx.spec -Wl,-T -Wl,../src/lscript.ld -L../../debug_bsp/ps7_cortexa9_0/lib -o "debug.elf"  ./src/main.o   -Wl,--start-group,-lxil,-lgcc,-lc,--end-group
Finished building target: debug.elf
 
Invoking: ARM v7 Print Size
arm-none-eabi-size debug.elf  |tee "debug.elf.size"
   text	   data	    bss	    dec	    hex	filename
  38256	   1212	  23048	  62516	   f434	debug.elf
Finished building: debug.elf.size
 
16:48:30 **** Incremental Build of configuration Debug for project debug ****
make pre-build main-build 
a9-linaro-pre-build-step
 
make: No se hace nada para `main-build'.
16:50:04 **** Auto Build of configuration Debug for project debug ****
make pre-build main-build 
a9-linaro-pre-build-step
 
Building file: ../src/main.c
Invoking: ARM v7 gcc compiler
arm-none-eabi-gcc -Wall -O0 -g3 -c -fmessage-length=0 -MT"src/main.o" -mcpu=cortex-a9 -mfpu=vfpv3 -mfloat-abi=hard -I../../debug_bsp/ps7_cortexa9_0/include -MMD -MP -MF"src/main.d" -MT"src/main.o" -o "src/main.o" "../src/main.c"
In file included from ../../debug_bsp/ps7_cortexa9_0/include/xuartps.h:187:0,
                 from ../src/main.c:9:
../src/main.c: In function 'cdma_transfer':
../../debug_bsp/ps7_cortexa9_0/include/xstatus.h:65:41: warning: 'return' with a value, in function returning void
 #define XST_FAILURE                     1L
                                         ^
../src/main.c:199:11: note: in expansion of macro 'XST_FAILURE'
    return XST_FAILURE;
           ^~~~~~~~~~~
../src/main.c:183:6: note: declared here
 void cdma_transfer(int modo,u8 * cdma_memory,u8 * source, int numofbytes){
      ^~~~~~~~~~~~~
At top level:
../src/main.c:276:13: warning: 'Example_CallBack' defined but not used [-Wunused-function]
 static void Example_CallBack(void *CallBackRef, u32 IrqMask, int *IgnorePtr)
             ^~~~~~~~~~~~~~~~
Finished building: ../src/main.c
 
Building target: debug.elf
Invoking: ARM v7 gcc linker
arm-none-eabi-gcc -mcpu=cortex-a9 -mfpu=vfpv3 -mfloat-abi=hard -Wl,-build-id=none -specs=Xilinx.spec -Wl,-T -Wl,../src/lscript.ld -L../../debug_bsp/ps7_cortexa9_0/lib -o "debug.elf"  ./src/main.o   -Wl,--start-group,-lxil,-lgcc,-lc,--end-group
Finished building target: debug.elf
 
Invoking: ARM v7 Print Size
arm-none-eabi-size debug.elf  |tee "debug.elf.size"
   text	   data	    bss	    dec	    hex	filename
  38256	   1212	  23048	  62516	   f434	debug.elf
Finished building: debug.elf.size
 
16:50:18 **** Auto Build of configuration Debug for project debug ****
make pre-build main-build 
a9-linaro-pre-build-step
 
Building file: ../src/main.c
Invoking: ARM v7 gcc compiler
arm-none-eabi-gcc -Wall -O0 -g3 -c -fmessage-length=0 -MT"src/main.o" -mcpu=cortex-a9 -mfpu=vfpv3 -mfloat-abi=hard -I../../debug_bsp/ps7_cortexa9_0/include -MMD -MP -MF"src/main.d" -MT"src/main.o" -o "src/main.o" "../src/main.c"
In file included from ../../debug_bsp/ps7_cortexa9_0/include/xuartps.h:187:0,
                 from ../src/main.c:9:
../src/main.c: In function 'cdma_transfer':
../../debug_bsp/ps7_cortexa9_0/include/xstatus.h:65:41: warning: 'return' with a value, in function returning void
 #define XST_FAILURE                     1L
                                         ^
../src/main.c:199:11: note: in expansion of macro 'XST_FAILURE'
    return XST_FAILURE;
           ^~~~~~~~~~~
../src/main.c:183:6: note: declared here
 void cdma_transfer(int modo,u8 * cdma_memory,u8 * source, int numofbytes){
      ^~~~~~~~~~~~~
At top level:
../src/main.c:276:13: warning: 'Example_CallBack' defined but not used [-Wunused-function]
 static void Example_CallBack(void *CallBackRef, u32 IrqMask, int *IgnorePtr)
             ^~~~~~~~~~~~~~~~
Finished building: ../src/main.c
 
Building target: debug.elf
Invoking: ARM v7 gcc linker
arm-none-eabi-gcc -mcpu=cortex-a9 -mfpu=vfpv3 -mfloat-abi=hard -Wl,-build-id=none -specs=Xilinx.spec -Wl,-T -Wl,../src/lscript.ld -L../../debug_bsp/ps7_cortexa9_0/lib -o "debug.elf"  ./src/main.o   -Wl,--start-group,-lxil,-lgcc,-lc,--end-group
Finished building target: debug.elf
 
Invoking: ARM v7 Print Size
arm-none-eabi-size debug.elf  |tee "debug.elf.size"
   text	   data	    bss	    dec	    hex	filename
  38256	   1212	  23048	  62516	   f434	debug.elf
Finished building: debug.elf.size
 
16:50:21 **** Incremental Build of configuration Debug for project debug ****
make pre-build main-build 
a9-linaro-pre-build-step
 
make: No se hace nada para `main-build'.
16:50:44 **** Auto Build of configuration Debug for project debug ****
make pre-build main-build 
a9-linaro-pre-build-step
 
Building file: ../src/main.c
Invoking: ARM v7 gcc compiler
arm-none-eabi-gcc -Wall -O0 -g3 -c -fmessage-length=0 -MT"src/main.o" -mcpu=cortex-a9 -mfpu=vfpv3 -mfloat-abi=hard -I../../debug_bsp/ps7_cortexa9_0/include -MMD -MP -MF"src/main.d" -MT"src/main.o" -o "src/main.o" "../src/main.c"
In file included from ../../debug_bsp/ps7_cortexa9_0/include/xuartps.h:187:0,
                 from ../src/main.c:9:
../src/main.c: In function 'cdma_transfer':
../../debug_bsp/ps7_cortexa9_0/include/xstatus.h:65:41: warning: 'return' with a value, in function returning void
 #define XST_FAILURE                     1L
                                         ^
../src/main.c:199:11: note: in expansion of macro 'XST_FAILURE'
    return XST_FAILURE;
           ^~~~~~~~~~~
../src/main.c:183:6: note: declared here
 void cdma_transfer(int modo,u8 * cdma_memory,u8 * source, int numofbytes){
      ^~~~~~~~~~~~~
At top level:
../src/main.c:276:13: warning: 'Example_CallBack' defined but not used [-Wunused-function]
 static void Example_CallBack(void *CallBackRef, u32 IrqMask, int *IgnorePtr)
             ^~~~~~~~~~~~~~~~
Finished building: ../src/main.c
 
Building target: debug.elf
Invoking: ARM v7 gcc linker
arm-none-eabi-gcc -mcpu=cortex-a9 -mfpu=vfpv3 -mfloat-abi=hard -Wl,-build-id=none -specs=Xilinx.spec -Wl,-T -Wl,../src/lscript.ld -L../../debug_bsp/ps7_cortexa9_0/lib -o "debug.elf"  ./src/main.o   -Wl,--start-group,-lxil,-lgcc,-lc,--end-group
Finished building target: debug.elf
 
Invoking: ARM v7 Print Size
arm-none-eabi-size debug.elf  |tee "debug.elf.size"
   text	   data	    bss	    dec	    hex	filename
  38256	   1212	  23048	  62516	   f434	debug.elf
Finished building: debug.elf.size
 
16:50:50 **** Incremental Build of configuration Debug for project debug ****
make pre-build main-build 
a9-linaro-pre-build-step
 
make: No se hace nada para `main-build'.
16:51:15 **** Auto Build of configuration Debug for project debug ****
make pre-build main-build 
a9-linaro-pre-build-step
 
Building file: ../src/main.c
Invoking: ARM v7 gcc compiler
arm-none-eabi-gcc -Wall -O0 -g3 -c -fmessage-length=0 -MT"src/main.o" -mcpu=cortex-a9 -mfpu=vfpv3 -mfloat-abi=hard -I../../debug_bsp/ps7_cortexa9_0/include -MMD -MP -MF"src/main.d" -MT"src/main.o" -o "src/main.o" "../src/main.c"
In file included from ../../debug_bsp/ps7_cortexa9_0/include/xuartps.h:187:0,
                 from ../src/main.c:9:
../src/main.c: In function 'cdma_transfer':
../../debug_bsp/ps7_cortexa9_0/include/xstatus.h:65:41: warning: 'return' with a value, in function returning void
 #define XST_FAILURE                     1L
                                         ^
../src/main.c:199:11: note: in expansion of macro 'XST_FAILURE'
    return XST_FAILURE;
           ^~~~~~~~~~~
../src/main.c:183:6: note: declared here
 void cdma_transfer(int modo,u8 * cdma_memory,u8 * source, int numofbytes){
      ^~~~~~~~~~~~~
At top level:
../src/main.c:276:13: warning: 'Example_CallBack' defined but not used [-Wunused-function]
 static void Example_CallBack(void *CallBackRef, u32 IrqMask, int *IgnorePtr)
             ^~~~~~~~~~~~~~~~
Finished building: ../src/main.c
 
Building target: debug.elf
Invoking: ARM v7 gcc linker
arm-none-eabi-gcc -mcpu=cortex-a9 -mfpu=vfpv3 -mfloat-abi=hard -Wl,-build-id=none -specs=Xilinx.spec -Wl,-T -Wl,../src/lscript.ld -L../../debug_bsp/ps7_cortexa9_0/lib -o "debug.elf"  ./src/main.o   -Wl,--start-group,-lxil,-lgcc,-lc,--end-group
Finished building target: debug.elf
 
Invoking: ARM v7 Print Size
arm-none-eabi-size debug.elf  |tee "debug.elf.size"
   text	   data	    bss	    dec	    hex	filename
  38256	   1212	  23048	  62516	   f434	debug.elf
Finished building: debug.elf.size
 
16:51:18 **** Incremental Build of configuration Debug for project debug ****
make pre-build main-build 
a9-linaro-pre-build-step
 
make: No se hace nada para `main-build'.
16:51:38 **** Auto Build of configuration Debug for project debug ****
make pre-build main-build 
a9-linaro-pre-build-step
 
Building file: ../src/main.c
Invoking: ARM v7 gcc compiler
arm-none-eabi-gcc -Wall -O0 -g3 -c -fmessage-length=0 -MT"src/main.o" -mcpu=cortex-a9 -mfpu=vfpv3 -mfloat-abi=hard -I../../debug_bsp/ps7_cortexa9_0/include -MMD -MP -MF"src/main.d" -MT"src/main.o" -o "src/main.o" "../src/main.c"
In file included from ../../debug_bsp/ps7_cortexa9_0/include/xuartps.h:187:0,
                 from ../src/main.c:9:
../src/main.c: In function 'cdma_transfer':
../../debug_bsp/ps7_cortexa9_0/include/xstatus.h:65:41: warning: 'return' with a value, in function returning void
 #define XST_FAILURE                     1L
                                         ^
../src/main.c:199:11: note: in expansion of macro 'XST_FAILURE'
    return XST_FAILURE;
           ^~~~~~~~~~~
../src/main.c:183:6: note: declared here
 void cdma_transfer(int modo,u8 * cdma_memory,u8 * source, int numofbytes){
      ^~~~~~~~~~~~~
At top level:
../src/main.c:276:13: warning: 'Example_CallBack' defined but not used [-Wunused-function]
 static void Example_CallBack(void *CallBackRef, u32 IrqMask, int *IgnorePtr)
             ^~~~~~~~~~~~~~~~
Finished building: ../src/main.c
 
Building target: debug.elf
Invoking: ARM v7 gcc linker
arm-none-eabi-gcc -mcpu=cortex-a9 -mfpu=vfpv3 -mfloat-abi=hard -Wl,-build-id=none -specs=Xilinx.spec -Wl,-T -Wl,../src/lscript.ld -L../../debug_bsp/ps7_cortexa9_0/lib -o "debug.elf"  ./src/main.o   -Wl,--start-group,-lxil,-lgcc,-lc,--end-group
Finished building target: debug.elf
 
Invoking: ARM v7 Print Size
arm-none-eabi-size debug.elf  |tee "debug.elf.size"
   text	   data	    bss	    dec	    hex	filename
  38256	   1212	  23048	  62516	   f434	debug.elf
Finished building: debug.elf.size
 
16:51:42 **** Incremental Build of configuration Debug for project debug ****
make pre-build main-build 
a9-linaro-pre-build-step
 
make: No se hace nada para `main-build'.
16:52:14 **** Auto Build of configuration Debug for project debug ****
make pre-build main-build 
a9-linaro-pre-build-step
 
Building file: ../src/main.c
Invoking: ARM v7 gcc compiler
arm-none-eabi-gcc -Wall -O0 -g3 -c -fmessage-length=0 -MT"src/main.o" -mcpu=cortex-a9 -mfpu=vfpv3 -mfloat-abi=hard -I../../debug_bsp/ps7_cortexa9_0/include -MMD -MP -MF"src/main.d" -MT"src/main.o" -o "src/main.o" "../src/main.c"
In file included from ../../debug_bsp/ps7_cortexa9_0/include/xuartps.h:187:0,
                 from ../src/main.c:9:
../src/main.c: In function 'cdma_transfer':
../../debug_bsp/ps7_cortexa9_0/include/xstatus.h:65:41: warning: 'return' with a value, in function returning void
 #define XST_FAILURE                     1L
                                         ^
../src/main.c:199:11: note: in expansion of macro 'XST_FAILURE'
    return XST_FAILURE;
           ^~~~~~~~~~~
../src/main.c:183:6: note: declared here
 void cdma_transfer(int modo,u8 * cdma_memory,u8 * source, int numofbytes){
      ^~~~~~~~~~~~~
At top level:
../src/main.c:276:13: warning: 'Example_CallBack' defined but not used [-Wunused-function]
 static void Example_CallBack(void *CallBackRef, u32 IrqMask, int *IgnorePtr)
             ^~~~~~~~~~~~~~~~
Finished building: ../src/main.c
 
Building target: debug.elf
Invoking: ARM v7 gcc linker
arm-none-eabi-gcc -mcpu=cortex-a9 -mfpu=vfpv3 -mfloat-abi=hard -Wl,-build-id=none -specs=Xilinx.spec -Wl,-T -Wl,../src/lscript.ld -L../../debug_bsp/ps7_cortexa9_0/lib -o "debug.elf"  ./src/main.o   -Wl,--start-group,-lxil,-lgcc,-lc,--end-group
Finished building target: debug.elf
 
Invoking: ARM v7 Print Size
arm-none-eabi-size debug.elf  |tee "debug.elf.size"
   text	   data	    bss	    dec	    hex	filename
  38256	   1212	  23048	  62516	   f434	debug.elf
Finished building: debug.elf.size
 
16:52:17 **** Incremental Build of configuration Debug for project debug ****
make pre-build main-build 
a9-linaro-pre-build-step
 
make: No se hace nada para `main-build'.
16:52:42 **** Auto Build of configuration Debug for project debug ****
make pre-build main-build 
a9-linaro-pre-build-step
 
Building file: ../src/main.c
Invoking: ARM v7 gcc compiler
arm-none-eabi-gcc -Wall -O0 -g3 -c -fmessage-length=0 -MT"src/main.o" -mcpu=cortex-a9 -mfpu=vfpv3 -mfloat-abi=hard -I../../debug_bsp/ps7_cortexa9_0/include -MMD -MP -MF"src/main.d" -MT"src/main.o" -o "src/main.o" "../src/main.c"
In file included from ../../debug_bsp/ps7_cortexa9_0/include/xuartps.h:187:0,
                 from ../src/main.c:9:
../src/main.c: In function 'cdma_transfer':
../../debug_bsp/ps7_cortexa9_0/include/xstatus.h:65:41: warning: 'return' with a value, in function returning void
 #define XST_FAILURE                     1L
                                         ^
../src/main.c:199:11: note: in expansion of macro 'XST_FAILURE'
    return XST_FAILURE;
           ^~~~~~~~~~~
../src/main.c:183:6: note: declared here
 void cdma_transfer(int modo,u8 * cdma_memory,u8 * source, int numofbytes){
      ^~~~~~~~~~~~~
At top level:
../src/main.c:276:13: warning: 'Example_CallBack' defined but not used [-Wunused-function]
 static void Example_CallBack(void *CallBackRef, u32 IrqMask, int *IgnorePtr)
             ^~~~~~~~~~~~~~~~
Finished building: ../src/main.c
 
Building target: debug.elf
Invoking: ARM v7 gcc linker
arm-none-eabi-gcc -mcpu=cortex-a9 -mfpu=vfpv3 -mfloat-abi=hard -Wl,-build-id=none -specs=Xilinx.spec -Wl,-T -Wl,../src/lscript.ld -L../../debug_bsp/ps7_cortexa9_0/lib -o "debug.elf"  ./src/main.o   -Wl,--start-group,-lxil,-lgcc,-lc,--end-group
Finished building target: debug.elf
 
Invoking: ARM v7 Print Size
arm-none-eabi-size debug.elf  |tee "debug.elf.size"
   text	   data	    bss	    dec	    hex	filename
  38256	   1212	  23048	  62516	   f434	debug.elf
Finished building: debug.elf.size
 
16:52:45 **** Incremental Build of configuration Debug for project debug ****
make pre-build main-build 
a9-linaro-pre-build-step
 
make: No se hace nada para `main-build'.
16:53:34 **** Auto Build of configuration Debug for project debug ****
make pre-build main-build 
a9-linaro-pre-build-step
 
Building file: ../src/main.c
Invoking: ARM v7 gcc compiler
arm-none-eabi-gcc -Wall -O0 -g3 -c -fmessage-length=0 -MT"src/main.o" -mcpu=cortex-a9 -mfpu=vfpv3 -mfloat-abi=hard -I../../debug_bsp/ps7_cortexa9_0/include -MMD -MP -MF"src/main.d" -MT"src/main.o" -o "src/main.o" "../src/main.c"
In file included from ../../debug_bsp/ps7_cortexa9_0/include/xuartps.h:187:0,
                 from ../src/main.c:9:
../src/main.c: In function 'cdma_transfer':
../../debug_bsp/ps7_cortexa9_0/include/xstatus.h:65:41: warning: 'return' with a value, in function returning void
 #define XST_FAILURE                     1L
                                         ^
../src/main.c:199:11: note: in expansion of macro 'XST_FAILURE'
    return XST_FAILURE;
           ^~~~~~~~~~~
../src/main.c:183:6: note: declared here
 void cdma_transfer(int modo,u8 * cdma_memory,u8 * source, int numofbytes){
      ^~~~~~~~~~~~~
At top level:
../src/main.c:276:13: warning: 'Example_CallBack' defined but not used [-Wunused-function]
 static void Example_CallBack(void *CallBackRef, u32 IrqMask, int *IgnorePtr)
             ^~~~~~~~~~~~~~~~
Finished building: ../src/main.c
 
Building target: debug.elf
Invoking: ARM v7 gcc linker
arm-none-eabi-gcc -mcpu=cortex-a9 -mfpu=vfpv3 -mfloat-abi=hard -Wl,-build-id=none -specs=Xilinx.spec -Wl,-T -Wl,../src/lscript.ld -L../../debug_bsp/ps7_cortexa9_0/lib -o "debug.elf"  ./src/main.o   -Wl,--start-group,-lxil,-lgcc,-lc,--end-group
Finished building target: debug.elf
 
Invoking: ARM v7 Print Size
arm-none-eabi-size debug.elf  |tee "debug.elf.size"
   text	   data	    bss	    dec	    hex	filename
  38256	   1212	  23048	  62516	   f434	debug.elf
Finished building: debug.elf.size
 
16:53:37 **** Incremental Build of configuration Debug for project debug ****
make pre-build main-build 
a9-linaro-pre-build-step
 
make: No se hace nada para `main-build'.
16:54:12 **** Auto Build of configuration Debug for project debug ****
make pre-build main-build 
a9-linaro-pre-build-step
 
Building file: ../src/main.c
Invoking: ARM v7 gcc compiler
arm-none-eabi-gcc -Wall -O0 -g3 -c -fmessage-length=0 -MT"src/main.o" -mcpu=cortex-a9 -mfpu=vfpv3 -mfloat-abi=hard -I../../debug_bsp/ps7_cortexa9_0/include -MMD -MP -MF"src/main.d" -MT"src/main.o" -o "src/main.o" "../src/main.c"
In file included from ../../debug_bsp/ps7_cortexa9_0/include/xuartps.h:187:0,
                 from ../src/main.c:9:
../src/main.c: In function 'cdma_transfer':
../../debug_bsp/ps7_cortexa9_0/include/xstatus.h:65:41: warning: 'return' with a value, in function returning void
 #define XST_FAILURE                     1L
                                         ^
../src/main.c:199:11: note: in expansion of macro 'XST_FAILURE'
    return XST_FAILURE;
           ^~~~~~~~~~~
../src/main.c:183:6: note: declared here
 void cdma_transfer(int modo,u8 * cdma_memory,u8 * source, int numofbytes){
      ^~~~~~~~~~~~~
At top level:
../src/main.c:276:13: warning: 'Example_CallBack' defined but not used [-Wunused-function]
 static void Example_CallBack(void *CallBackRef, u32 IrqMask, int *IgnorePtr)
             ^~~~~~~~~~~~~~~~
Finished building: ../src/main.c
 
Building target: debug.elf
Invoking: ARM v7 gcc linker
arm-none-eabi-gcc -mcpu=cortex-a9 -mfpu=vfpv3 -mfloat-abi=hard -Wl,-build-id=none -specs=Xilinx.spec -Wl,-T -Wl,../src/lscript.ld -L../../debug_bsp/ps7_cortexa9_0/lib -o "debug.elf"  ./src/main.o   -Wl,--start-group,-lxil,-lgcc,-lc,--end-group
Finished building target: debug.elf
 
Invoking: ARM v7 Print Size
arm-none-eabi-size debug.elf  |tee "debug.elf.size"
   text	   data	    bss	    dec	    hex	filename
  38256	   1212	  23048	  62516	   f434	debug.elf
Finished building: debug.elf.size
 
16:54:37 **** Incremental Build of configuration Debug for project debug ****
make pre-build main-build 
a9-linaro-pre-build-step
 
make: No se hace nada para `main-build'.
16:55:13 **** Incremental Build of configuration Debug for project debug ****
make pre-build main-build 
a9-linaro-pre-build-step
 
Building file: ../src/main.c
Invoking: ARM v7 gcc compiler
arm-none-eabi-gcc -Wall -O0 -g3 -c -fmessage-length=0 -MT"src/main.o" -mcpu=cortex-a9 -mfpu=vfpv3 -mfloat-abi=hard -I../../debug_bsp/ps7_cortexa9_0/include -MMD -MP -MF"src/main.d" -MT"src/main.o" -o "src/main.o" "../src/main.c"
In file included from ../../debug_bsp/ps7_cortexa9_0/include/xuartps.h:187:0,
                 from ../src/main.c:9:
../src/main.c: In function 'cdma_transfer':
../../debug_bsp/ps7_cortexa9_0/include/xstatus.h:65:41: warning: 'return' with a value, in function returning void
 #define XST_FAILURE                     1L
                                         ^
../src/main.c:199:11: note: in expansion of macro 'XST_FAILURE'
    return XST_FAILURE;
           ^~~~~~~~~~~
../src/main.c:183:6: note: declared here
 void cdma_transfer(int modo,u8 * cdma_memory,u8 * source, int numofbytes){
      ^~~~~~~~~~~~~
At top level:
../src/main.c:276:13: warning: 'Example_CallBack' defined but not used [-Wunused-function]
 static void Example_CallBack(void *CallBackRef, u32 IrqMask, int *IgnorePtr)
             ^~~~~~~~~~~~~~~~
Finished building: ../src/main.c
 
Building target: debug.elf
Invoking: ARM v7 gcc linker
arm-none-eabi-gcc -mcpu=cortex-a9 -mfpu=vfpv3 -mfloat-abi=hard -Wl,-build-id=none -specs=Xilinx.spec -Wl,-T -Wl,../src/lscript.ld -L../../debug_bsp/ps7_cortexa9_0/lib -o "debug.elf"  ./src/main.o   -Wl,--start-group,-lxil,-lgcc,-lc,--end-group
Finished building target: debug.elf
 
Invoking: ARM v7 Print Size
arm-none-eabi-size debug.elf  |tee "debug.elf.size"
   text	   data	    bss	    dec	    hex	filename
  38256	   1212	  23048	  62516	   f434	debug.elf
Finished building: debug.elf.size
 
16:55:58 **** Auto Build of configuration Debug for project debug ****
make pre-build main-build 
a9-linaro-pre-build-step
 
Building file: ../src/main.c
Invoking: ARM v7 gcc compiler
arm-none-eabi-gcc -Wall -O0 -g3 -c -fmessage-length=0 -MT"src/main.o" -mcpu=cortex-a9 -mfpu=vfpv3 -mfloat-abi=hard -I../../debug_bsp/ps7_cortexa9_0/include -MMD -MP -MF"src/main.d" -MT"src/main.o" -o "src/main.o" "../src/main.c"
In file included from ../../debug_bsp/ps7_cortexa9_0/include/xuartps.h:187:0,
                 from ../src/main.c:9:
../src/main.c: In function 'cdma_transfer':
../../debug_bsp/ps7_cortexa9_0/include/xstatus.h:65:41: warning: 'return' with a value, in function returning void
 #define XST_FAILURE                     1L
                                         ^
../src/main.c:199:11: note: in expansion of macro 'XST_FAILURE'
    return XST_FAILURE;
           ^~~~~~~~~~~
../src/main.c:183:6: note: declared here
 void cdma_transfer(int modo,u8 * cdma_memory,u8 * source, int numofbytes){
      ^~~~~~~~~~~~~
At top level:
../src/main.c:276:13: warning: 'Example_CallBack' defined but not used [-Wunused-function]
 static void Example_CallBack(void *CallBackRef, u32 IrqMask, int *IgnorePtr)
             ^~~~~~~~~~~~~~~~
Finished building: ../src/main.c
 
Building target: debug.elf
Invoking: ARM v7 gcc linker
arm-none-eabi-gcc -mcpu=cortex-a9 -mfpu=vfpv3 -mfloat-abi=hard -Wl,-build-id=none -specs=Xilinx.spec -Wl,-T -Wl,../src/lscript.ld -L../../debug_bsp/ps7_cortexa9_0/lib -o "debug.elf"  ./src/main.o   -Wl,--start-group,-lxil,-lgcc,-lc,--end-group
Finished building target: debug.elf
 
Invoking: ARM v7 Print Size
arm-none-eabi-size debug.elf  |tee "debug.elf.size"
   text	   data	    bss	    dec	    hex	filename
  38256	   1212	  23048	  62516	   f434	debug.elf
Finished building: debug.elf.size
 
16:56:04 **** Incremental Build of configuration Debug for project debug ****
make pre-build main-build 
a9-linaro-pre-build-step
 
make: No se hace nada para `main-build'.
16:56:51 **** Auto Build of configuration Debug for project debug ****
make pre-build main-build 
a9-linaro-pre-build-step
 
Building file: ../src/main.c
Invoking: ARM v7 gcc compiler
arm-none-eabi-gcc -Wall -O0 -g3 -c -fmessage-length=0 -MT"src/main.o" -mcpu=cortex-a9 -mfpu=vfpv3 -mfloat-abi=hard -I../../debug_bsp/ps7_cortexa9_0/include -MMD -MP -MF"src/main.d" -MT"src/main.o" -o "src/main.o" "../src/main.c"
In file included from ../../debug_bsp/ps7_cortexa9_0/include/xuartps.h:187:0,
                 from ../src/main.c:9:
../src/main.c: In function 'cdma_transfer':
../../debug_bsp/ps7_cortexa9_0/include/xstatus.h:65:41: warning: 'return' with a value, in function returning void
 #define XST_FAILURE                     1L
                                         ^
../src/main.c:199:11: note: in expansion of macro 'XST_FAILURE'
    return XST_FAILURE;
           ^~~~~~~~~~~
../src/main.c:183:6: note: declared here
 void cdma_transfer(int modo,u8 * cdma_memory,u8 * source, int numofbytes){
      ^~~~~~~~~~~~~
At top level:
../src/main.c:276:13: warning: 'Example_CallBack' defined but not used [-Wunused-function]
 static void Example_CallBack(void *CallBackRef, u32 IrqMask, int *IgnorePtr)
             ^~~~~~~~~~~~~~~~
Finished building: ../src/main.c
 
Building target: debug.elf
Invoking: ARM v7 gcc linker
arm-none-eabi-gcc -mcpu=cortex-a9 -mfpu=vfpv3 -mfloat-abi=hard -Wl,-build-id=none -specs=Xilinx.spec -Wl,-T -Wl,../src/lscript.ld -L../../debug_bsp/ps7_cortexa9_0/lib -o "debug.elf"  ./src/main.o   -Wl,--start-group,-lxil,-lgcc,-lc,--end-group
Finished building target: debug.elf
 
Invoking: ARM v7 Print Size
arm-none-eabi-size debug.elf  |tee "debug.elf.size"
   text	   data	    bss	    dec	    hex	filename
  38256	   1212	  23048	  62516	   f434	debug.elf
Finished building: debug.elf.size
 
16:56:54 **** Incremental Build of configuration Debug for project debug ****
make pre-build main-build 
a9-linaro-pre-build-step
 
make: No se hace nada para `main-build'.
16:57:58 **** Auto Build of configuration Debug for project debug ****
make pre-build main-build 
a9-linaro-pre-build-step
 
Building file: ../src/main.c
Invoking: ARM v7 gcc compiler
arm-none-eabi-gcc -Wall -O0 -g3 -c -fmessage-length=0 -MT"src/main.o" -mcpu=cortex-a9 -mfpu=vfpv3 -mfloat-abi=hard -I../../debug_bsp/ps7_cortexa9_0/include -MMD -MP -MF"src/main.d" -MT"src/main.o" -o "src/main.o" "../src/main.c"
In file included from ../../debug_bsp/ps7_cortexa9_0/include/xuartps.h:187:0,
                 from ../src/main.c:9:
../src/main.c: In function 'cdma_transfer':
../../debug_bsp/ps7_cortexa9_0/include/xstatus.h:65:41: warning: 'return' with a value, in function returning void
 #define XST_FAILURE                     1L
                                         ^
../src/main.c:199:11: note: in expansion of macro 'XST_FAILURE'
    return XST_FAILURE;
           ^~~~~~~~~~~
../src/main.c:183:6: note: declared here
 void cdma_transfer(int modo,u8 * cdma_memory,u8 * source, int numofbytes){
      ^~~~~~~~~~~~~
At top level:
../src/main.c:276:13: warning: 'Example_CallBack' defined but not used [-Wunused-function]
 static void Example_CallBack(void *CallBackRef, u32 IrqMask, int *IgnorePtr)
             ^~~~~~~~~~~~~~~~
Finished building: ../src/main.c
 
Building target: debug.elf
Invoking: ARM v7 gcc linker
arm-none-eabi-gcc -mcpu=cortex-a9 -mfpu=vfpv3 -mfloat-abi=hard -Wl,-build-id=none -specs=Xilinx.spec -Wl,-T -Wl,../src/lscript.ld -L../../debug_bsp/ps7_cortexa9_0/lib -o "debug.elf"  ./src/main.o   -Wl,--start-group,-lxil,-lgcc,-lc,--end-group
Finished building target: debug.elf
 
Invoking: ARM v7 Print Size
arm-none-eabi-size debug.elf  |tee "debug.elf.size"
   text	   data	    bss	    dec	    hex	filename
  38256	   1212	  23048	  62516	   f434	debug.elf
Finished building: debug.elf.size
 
16:58:03 **** Incremental Build of configuration Debug for project debug ****
make pre-build main-build 
a9-linaro-pre-build-step
 
make: No se hace nada para `main-build'.
16:58:44 **** Auto Build of configuration Debug for project debug ****
make pre-build main-build 
a9-linaro-pre-build-step
 
Building file: ../src/main.c
Invoking: ARM v7 gcc compiler
arm-none-eabi-gcc -Wall -O0 -g3 -c -fmessage-length=0 -MT"src/main.o" -mcpu=cortex-a9 -mfpu=vfpv3 -mfloat-abi=hard -I../../debug_bsp/ps7_cortexa9_0/include -MMD -MP -MF"src/main.d" -MT"src/main.o" -o "src/main.o" "../src/main.c"
In file included from ../../debug_bsp/ps7_cortexa9_0/include/xuartps.h:187:0,
                 from ../src/main.c:9:
../src/main.c: In function 'cdma_transfer':
../../debug_bsp/ps7_cortexa9_0/include/xstatus.h:65:41: warning: 'return' with a value, in function returning void
 #define XST_FAILURE                     1L
                                         ^
../src/main.c:199:11: note: in expansion of macro 'XST_FAILURE'
    return XST_FAILURE;
           ^~~~~~~~~~~
../src/main.c:183:6: note: declared here
 void cdma_transfer(int modo,u8 * cdma_memory,u8 * source, int numofbytes){
      ^~~~~~~~~~~~~
At top level:
../src/main.c:276:13: warning: 'Example_CallBack' defined but not used [-Wunused-function]
 static void Example_CallBack(void *CallBackRef, u32 IrqMask, int *IgnorePtr)
             ^~~~~~~~~~~~~~~~
Finished building: ../src/main.c
 
Building target: debug.elf
Invoking: ARM v7 gcc linker
arm-none-eabi-gcc -mcpu=cortex-a9 -mfpu=vfpv3 -mfloat-abi=hard -Wl,-build-id=none -specs=Xilinx.spec -Wl,-T -Wl,../src/lscript.ld -L../../debug_bsp/ps7_cortexa9_0/lib -o "debug.elf"  ./src/main.o   -Wl,--start-group,-lxil,-lgcc,-lc,--end-group
Finished building target: debug.elf
 
Invoking: ARM v7 Print Size
arm-none-eabi-size debug.elf  |tee "debug.elf.size"
   text	   data	    bss	    dec	    hex	filename
  38256	   1212	  23048	  62516	   f434	debug.elf
Finished building: debug.elf.size
 
16:58:48 **** Incremental Build of configuration Debug for project debug ****
make pre-build main-build 
a9-linaro-pre-build-step
 
make: No se hace nada para `main-build'.
16:59:29 **** Incremental Build of configuration Debug for project debug ****
make pre-build main-build 
a9-linaro-pre-build-step
 
Building file: ../src/main.c
Invoking: ARM v7 gcc compiler
arm-none-eabi-gcc -Wall -O0 -g3 -c -fmessage-length=0 -MT"src/main.o" -mcpu=cortex-a9 -mfpu=vfpv3 -mfloat-abi=hard -I../../debug_bsp/ps7_cortexa9_0/include -MMD -MP -MF"src/main.d" -MT"src/main.o" -o "src/main.o" "../src/main.c"
In file included from ../../debug_bsp/ps7_cortexa9_0/include/xuartps.h:187:0,
                 from ../src/main.c:9:
../src/main.c: In function 'cdma_transfer':
../../debug_bsp/ps7_cortexa9_0/include/xstatus.h:65:41: warning: 'return' with a value, in function returning void
 #define XST_FAILURE                     1L
                                         ^
../src/main.c:199:11: note: in expansion of macro 'XST_FAILURE'
    return XST_FAILURE;
           ^~~~~~~~~~~
../src/main.c:183:6: note: declared here
 void cdma_transfer(int modo,u8 * cdma_memory,u8 * source, int numofbytes){
      ^~~~~~~~~~~~~
At top level:
../src/main.c:276:13: warning: 'Example_CallBack' defined but not used [-Wunused-function]
 static void Example_CallBack(void *CallBackRef, u32 IrqMask, int *IgnorePtr)
             ^~~~~~~~~~~~~~~~
Finished building: ../src/main.c
 
Building target: debug.elf
Invoking: ARM v7 gcc linker
arm-none-eabi-gcc -mcpu=cortex-a9 -mfpu=vfpv3 -mfloat-abi=hard -Wl,-build-id=none -specs=Xilinx.spec -Wl,-T -Wl,../src/lscript.ld -L../../debug_bsp/ps7_cortexa9_0/lib -o "debug.elf"  ./src/main.o   -Wl,--start-group,-lxil,-lgcc,-lc,--end-group
Finished building target: debug.elf
 
Invoking: ARM v7 Print Size
arm-none-eabi-size debug.elf  |tee "debug.elf.size"
   text	   data	    bss	    dec	    hex	filename
  38256	   1212	  23048	  62516	   f434	debug.elf
Finished building: debug.elf.size
 
17:00:16 **** Auto Build of configuration Debug for project debug ****
make pre-build main-build 
a9-linaro-pre-build-step
 
Building file: ../src/main.c
Invoking: ARM v7 gcc compiler
arm-none-eabi-gcc -Wall -O0 -g3 -c -fmessage-length=0 -MT"src/main.o" -mcpu=cortex-a9 -mfpu=vfpv3 -mfloat-abi=hard -I../../debug_bsp/ps7_cortexa9_0/include -MMD -MP -MF"src/main.d" -MT"src/main.o" -o "src/main.o" "../src/main.c"
In file included from ../../debug_bsp/ps7_cortexa9_0/include/xuartps.h:187:0,
                 from ../src/main.c:9:
../src/main.c: In function 'cdma_transfer':
../../debug_bsp/ps7_cortexa9_0/include/xstatus.h:65:41: warning: 'return' with a value, in function returning void
 #define XST_FAILURE                     1L
                                         ^
../src/main.c:199:11: note: in expansion of macro 'XST_FAILURE'
    return XST_FAILURE;
           ^~~~~~~~~~~
../src/main.c:183:6: note: declared here
 void cdma_transfer(int modo,u8 * cdma_memory,u8 * source, int numofbytes){
      ^~~~~~~~~~~~~
At top level:
../src/main.c:276:13: warning: 'Example_CallBack' defined but not used [-Wunused-function]
 static void Example_CallBack(void *CallBackRef, u32 IrqMask, int *IgnorePtr)
             ^~~~~~~~~~~~~~~~
Finished building: ../src/main.c
 
Building target: debug.elf
Invoking: ARM v7 gcc linker
arm-none-eabi-gcc -mcpu=cortex-a9 -mfpu=vfpv3 -mfloat-abi=hard -Wl,-build-id=none -specs=Xilinx.spec -Wl,-T -Wl,../src/lscript.ld -L../../debug_bsp/ps7_cortexa9_0/lib -o "debug.elf"  ./src/main.o   -Wl,--start-group,-lxil,-lgcc,-lc,--end-group
Finished building target: debug.elf
 
Invoking: ARM v7 Print Size
arm-none-eabi-size debug.elf  |tee "debug.elf.size"
   text	   data	    bss	    dec	    hex	filename
  38256	   1212	  23048	  62516	   f434	debug.elf
Finished building: debug.elf.size
 
17:00:19 **** Incremental Build of configuration Debug for project debug ****
make pre-build main-build 
a9-linaro-pre-build-step
 
make: No se hace nada para `main-build'.
17:01:56 **** Auto Build of configuration Debug for project debug ****
make pre-build main-build 
a9-linaro-pre-build-step
 
Building file: ../src/main.c
Invoking: ARM v7 gcc compiler
arm-none-eabi-gcc -Wall -O0 -g3 -c -fmessage-length=0 -MT"src/main.o" -mcpu=cortex-a9 -mfpu=vfpv3 -mfloat-abi=hard -I../../debug_bsp/ps7_cortexa9_0/include -MMD -MP -MF"src/main.d" -MT"src/main.o" -o "src/main.o" "../src/main.c"
In file included from ../../debug_bsp/ps7_cortexa9_0/include/xuartps.h:187:0,
                 from ../src/main.c:9:
../src/main.c: In function 'cdma_transfer':
../../debug_bsp/ps7_cortexa9_0/include/xstatus.h:65:41: warning: 'return' with a value, in function returning void
 #define XST_FAILURE                     1L
                                         ^
../src/main.c:199:11: note: in expansion of macro 'XST_FAILURE'
    return XST_FAILURE;
           ^~~~~~~~~~~
../src/main.c:183:6: note: declared here
 void cdma_transfer(int modo,u8 * cdma_memory,u8 * source, int numofbytes){
      ^~~~~~~~~~~~~
At top level:
../src/main.c:276:13: warning: 'Example_CallBack' defined but not used [-Wunused-function]
 static void Example_CallBack(void *CallBackRef, u32 IrqMask, int *IgnorePtr)
             ^~~~~~~~~~~~~~~~
Finished building: ../src/main.c
 
Building target: debug.elf
Invoking: ARM v7 gcc linker
arm-none-eabi-gcc -mcpu=cortex-a9 -mfpu=vfpv3 -mfloat-abi=hard -Wl,-build-id=none -specs=Xilinx.spec -Wl,-T -Wl,../src/lscript.ld -L../../debug_bsp/ps7_cortexa9_0/lib -o "debug.elf"  ./src/main.o   -Wl,--start-group,-lxil,-lgcc,-lc,--end-group
Finished building target: debug.elf
 
Invoking: ARM v7 Print Size
arm-none-eabi-size debug.elf  |tee "debug.elf.size"
   text	   data	    bss	    dec	    hex	filename
  38256	   1212	  23048	  62516	   f434	debug.elf
Finished building: debug.elf.size
 
17:01:59 **** Incremental Build of configuration Debug for project debug ****
make pre-build main-build 
a9-linaro-pre-build-step
 
make: No se hace nada para `main-build'.
17:22:59 **** Incremental Build of configuration Debug for project debug ****
make pre-build main-build 
a9-linaro-pre-build-step
 
Building file: ../src/main.c
Invoking: ARM v7 gcc compiler
arm-none-eabi-gcc -Wall -O0 -g3 -c -fmessage-length=0 -MT"src/main.o" -mcpu=cortex-a9 -mfpu=vfpv3 -mfloat-abi=hard -I../../debug_bsp/ps7_cortexa9_0/include -MMD -MP -MF"src/main.d" -MT"src/main.o" -o "src/main.o" "../src/main.c"
In file included from ../../debug_bsp/ps7_cortexa9_0/include/xuartps.h:187:0,
                 from ../src/main.c:9:
../src/main.c: In function 'cdma_transfer':
../../debug_bsp/ps7_cortexa9_0/include/xstatus.h:65:41: warning: 'return' with a value, in function returning void
 #define XST_FAILURE                     1L
                                         ^
../src/main.c:199:11: note: in expansion of macro 'XST_FAILURE'
    return XST_FAILURE;
           ^~~~~~~~~~~
../src/main.c:183:6: note: declared here
 void cdma_transfer(int modo,u8 * cdma_memory,u8 * source, int numofbytes){
      ^~~~~~~~~~~~~
At top level:
../src/main.c:276:13: warning: 'Example_CallBack' defined but not used [-Wunused-function]
 static void Example_CallBack(void *CallBackRef, u32 IrqMask, int *IgnorePtr)
             ^~~~~~~~~~~~~~~~
Finished building: ../src/main.c
 
Building target: debug.elf
Invoking: ARM v7 gcc linker
arm-none-eabi-gcc -mcpu=cortex-a9 -mfpu=vfpv3 -mfloat-abi=hard -Wl,-build-id=none -specs=Xilinx.spec -Wl,-T -Wl,../src/lscript.ld -L../../debug_bsp/ps7_cortexa9_0/lib -o "debug.elf"  ./src/main.o   -Wl,--start-group,-lxil,-lgcc,-lc,--end-group
Finished building target: debug.elf
 
Invoking: ARM v7 Print Size
arm-none-eabi-size debug.elf  |tee "debug.elf.size"
   text	   data	    bss	    dec	    hex	filename
  38256	   1212	  23048	  62516	   f434	debug.elf
Finished building: debug.elf.size
 
17:23:49 **** Auto Build of configuration Debug for project debug ****
make pre-build main-build 
a9-linaro-pre-build-step
 
Building file: ../src/main.c
Invoking: ARM v7 gcc compiler
arm-none-eabi-gcc -Wall -O0 -g3 -c -fmessage-length=0 -MT"src/main.o" -mcpu=cortex-a9 -mfpu=vfpv3 -mfloat-abi=hard -I../../debug_bsp/ps7_cortexa9_0/include -MMD -MP -MF"src/main.d" -MT"src/main.o" -o "src/main.o" "../src/main.c"
In file included from ../../debug_bsp/ps7_cortexa9_0/include/xuartps.h:187:0,
                 from ../src/main.c:9:
../src/main.c: In function 'cdma_transfer':
../../debug_bsp/ps7_cortexa9_0/include/xstatus.h:65:41: warning: 'return' with a value, in function returning void
 #define XST_FAILURE                     1L
                                         ^
../src/main.c:199:11: note: in expansion of macro 'XST_FAILURE'
    return XST_FAILURE;
           ^~~~~~~~~~~
../src/main.c:183:6: note: declared here
 void cdma_transfer(int modo,u8 * cdma_memory,u8 * source, int numofbytes){
      ^~~~~~~~~~~~~
At top level:
../src/main.c:276:13: warning: 'Example_CallBack' defined but not used [-Wunused-function]
 static void Example_CallBack(void *CallBackRef, u32 IrqMask, int *IgnorePtr)
             ^~~~~~~~~~~~~~~~
Finished building: ../src/main.c
 
Building target: debug.elf
Invoking: ARM v7 gcc linker
arm-none-eabi-gcc -mcpu=cortex-a9 -mfpu=vfpv3 -mfloat-abi=hard -Wl,-build-id=none -specs=Xilinx.spec -Wl,-T -Wl,../src/lscript.ld -L../../debug_bsp/ps7_cortexa9_0/lib -o "debug.elf"  ./src/main.o   -Wl,--start-group,-lxil,-lgcc,-lc,--end-group
Finished building target: debug.elf
 
Invoking: ARM v7 Print Size
arm-none-eabi-size debug.elf  |tee "debug.elf.size"
   text	   data	    bss	    dec	    hex	filename
  38256	   1212	  23048	  62516	   f434	debug.elf
Finished building: debug.elf.size
 
17:23:57 **** Incremental Build of configuration Debug for project debug ****
make pre-build main-build 
a9-linaro-pre-build-step
 
make: No se hace nada para `main-build'.
17:24:20 **** Incremental Build of configuration Debug for project debug ****
make pre-build main-build 
a9-linaro-pre-build-step
 
Building file: ../src/main.c
Invoking: ARM v7 gcc compiler
arm-none-eabi-gcc -Wall -O0 -g3 -c -fmessage-length=0 -MT"src/main.o" -mcpu=cortex-a9 -mfpu=vfpv3 -mfloat-abi=hard -I../../debug_bsp/ps7_cortexa9_0/include -MMD -MP -MF"src/main.d" -MT"src/main.o" -o "src/main.o" "../src/main.c"
In file included from ../../debug_bsp/ps7_cortexa9_0/include/xuartps.h:187:0,
                 from ../src/main.c:9:
../src/main.c: In function 'cdma_transfer':
../../debug_bsp/ps7_cortexa9_0/include/xstatus.h:65:41: warning: 'return' with a value, in function returning void
 #define XST_FAILURE                     1L
                                         ^
../src/main.c:199:11: note: in expansion of macro 'XST_FAILURE'
    return XST_FAILURE;
           ^~~~~~~~~~~
../src/main.c:183:6: note: declared here
 void cdma_transfer(int modo,u8 * cdma_memory,u8 * source, int numofbytes){
      ^~~~~~~~~~~~~
At top level:
../src/main.c:276:13: warning: 'Example_CallBack' defined but not used [-Wunused-function]
 static void Example_CallBack(void *CallBackRef, u32 IrqMask, int *IgnorePtr)
             ^~~~~~~~~~~~~~~~
Finished building: ../src/main.c
 
Building target: debug.elf
Invoking: ARM v7 gcc linker
arm-none-eabi-gcc -mcpu=cortex-a9 -mfpu=vfpv3 -mfloat-abi=hard -Wl,-build-id=none -specs=Xilinx.spec -Wl,-T -Wl,../src/lscript.ld -L../../debug_bsp/ps7_cortexa9_0/lib -o "debug.elf"  ./src/main.o   -Wl,--start-group,-lxil,-lgcc,-lc,--end-group
Finished building target: debug.elf
 
Invoking: ARM v7 Print Size
arm-none-eabi-size debug.elf  |tee "debug.elf.size"
   text	   data	    bss	    dec	    hex	filename
  38256	   1212	  23048	  62516	   f434	debug.elf
Finished building: debug.elf.size
 
17:25:07 **** Incremental Build of configuration Debug for project debug ****
make pre-build main-build 
a9-linaro-pre-build-step
 
Building file: ../src/main.c
Invoking: ARM v7 gcc compiler
arm-none-eabi-gcc -Wall -O0 -g3 -c -fmessage-length=0 -MT"src/main.o" -mcpu=cortex-a9 -mfpu=vfpv3 -mfloat-abi=hard -I../../debug_bsp/ps7_cortexa9_0/include -MMD -MP -MF"src/main.d" -MT"src/main.o" -o "src/main.o" "../src/main.c"
In file included from ../../debug_bsp/ps7_cortexa9_0/include/xuartps.h:187:0,
                 from ../src/main.c:9:
../src/main.c: In function 'cdma_transfer':
../../debug_bsp/ps7_cortexa9_0/include/xstatus.h:65:41: warning: 'return' with a value, in function returning void
 #define XST_FAILURE                     1L
                                         ^
../src/main.c:199:11: note: in expansion of macro 'XST_FAILURE'
    return XST_FAILURE;
           ^~~~~~~~~~~
../src/main.c:183:6: note: declared here
 void cdma_transfer(int modo,u8 * cdma_memory,u8 * source, int numofbytes){
      ^~~~~~~~~~~~~
At top level:
../src/main.c:276:13: warning: 'Example_CallBack' defined but not used [-Wunused-function]
 static void Example_CallBack(void *CallBackRef, u32 IrqMask, int *IgnorePtr)
             ^~~~~~~~~~~~~~~~
Finished building: ../src/main.c
 
Building target: debug.elf
Invoking: ARM v7 gcc linker
arm-none-eabi-gcc -mcpu=cortex-a9 -mfpu=vfpv3 -mfloat-abi=hard -Wl,-build-id=none -specs=Xilinx.spec -Wl,-T -Wl,../src/lscript.ld -L../../debug_bsp/ps7_cortexa9_0/lib -o "debug.elf"  ./src/main.o   -Wl,--start-group,-lxil,-lgcc,-lc,--end-group
Finished building target: debug.elf
 
Invoking: ARM v7 Print Size
arm-none-eabi-size debug.elf  |tee "debug.elf.size"
   text	   data	    bss	    dec	    hex	filename
  38256	   1212	  23048	  62516	   f434	debug.elf
Finished building: debug.elf.size
 
17:25:34 **** Auto Build of configuration Debug for project debug ****
make pre-build main-build 
a9-linaro-pre-build-step
 
Building file: ../src/main.c
Invoking: ARM v7 gcc compiler
arm-none-eabi-gcc -Wall -O0 -g3 -c -fmessage-length=0 -MT"src/main.o" -mcpu=cortex-a9 -mfpu=vfpv3 -mfloat-abi=hard -I../../debug_bsp/ps7_cortexa9_0/include -MMD -MP -MF"src/main.d" -MT"src/main.o" -o "src/main.o" "../src/main.c"
In file included from ../../debug_bsp/ps7_cortexa9_0/include/xuartps.h:187:0,
                 from ../src/main.c:9:
../src/main.c: In function 'cdma_transfer':
../../debug_bsp/ps7_cortexa9_0/include/xstatus.h:65:41: warning: 'return' with a value, in function returning void
 #define XST_FAILURE                     1L
                                         ^
../src/main.c:199:11: note: in expansion of macro 'XST_FAILURE'
    return XST_FAILURE;
           ^~~~~~~~~~~
../src/main.c:183:6: note: declared here
 void cdma_transfer(int modo,u8 * cdma_memory,u8 * source, int numofbytes){
      ^~~~~~~~~~~~~
At top level:
../src/main.c:276:13: warning: 'Example_CallBack' defined but not used [-Wunused-function]
 static void Example_CallBack(void *CallBackRef, u32 IrqMask, int *IgnorePtr)
             ^~~~~~~~~~~~~~~~
Finished building: ../src/main.c
 
Building target: debug.elf
Invoking: ARM v7 gcc linker
arm-none-eabi-gcc -mcpu=cortex-a9 -mfpu=vfpv3 -mfloat-abi=hard -Wl,-build-id=none -specs=Xilinx.spec -Wl,-T -Wl,../src/lscript.ld -L../../debug_bsp/ps7_cortexa9_0/lib -o "debug.elf"  ./src/main.o   -Wl,--start-group,-lxil,-lgcc,-lc,--end-group
Finished building target: debug.elf
 
Invoking: ARM v7 Print Size
arm-none-eabi-size debug.elf  |tee "debug.elf.size"
   text	   data	    bss	    dec	    hex	filename
  38256	   1212	  23048	  62516	   f434	debug.elf
Finished building: debug.elf.size
 
17:25:37 **** Incremental Build of configuration Debug for project debug ****
make pre-build main-build 
a9-linaro-pre-build-step
 
make: No se hace nada para `main-build'.
17:26:01 **** Incremental Build of configuration Debug for project debug ****
make pre-build main-build 
a9-linaro-pre-build-step
 
Building file: ../src/main.c
Invoking: ARM v7 gcc compiler
arm-none-eabi-gcc -Wall -O0 -g3 -c -fmessage-length=0 -MT"src/main.o" -mcpu=cortex-a9 -mfpu=vfpv3 -mfloat-abi=hard -I../../debug_bsp/ps7_cortexa9_0/include -MMD -MP -MF"src/main.d" -MT"src/main.o" -o "src/main.o" "../src/main.c"
In file included from ../../debug_bsp/ps7_cortexa9_0/include/xuartps.h:187:0,
                 from ../src/main.c:9:
../src/main.c: In function 'cdma_transfer':
../../debug_bsp/ps7_cortexa9_0/include/xstatus.h:65:41: warning: 'return' with a value, in function returning void
 #define XST_FAILURE                     1L
                                         ^
../src/main.c:199:11: note: in expansion of macro 'XST_FAILURE'
    return XST_FAILURE;
           ^~~~~~~~~~~
../src/main.c:183:6: note: declared here
 void cdma_transfer(int modo,u8 * cdma_memory,u8 * source, int numofbytes){
      ^~~~~~~~~~~~~
At top level:
../src/main.c:276:13: warning: 'Example_CallBack' defined but not used [-Wunused-function]
 static void Example_CallBack(void *CallBackRef, u32 IrqMask, int *IgnorePtr)
             ^~~~~~~~~~~~~~~~
Finished building: ../src/main.c
 
Building target: debug.elf
Invoking: ARM v7 gcc linker
arm-none-eabi-gcc -mcpu=cortex-a9 -mfpu=vfpv3 -mfloat-abi=hard -Wl,-build-id=none -specs=Xilinx.spec -Wl,-T -Wl,../src/lscript.ld -L../../debug_bsp/ps7_cortexa9_0/lib -o "debug.elf"  ./src/main.o   -Wl,--start-group,-lxil,-lgcc,-lc,--end-group
Finished building target: debug.elf
 
Invoking: ARM v7 Print Size
arm-none-eabi-size debug.elf  |tee "debug.elf.size"
   text	   data	    bss	    dec	    hex	filename
  38256	   1212	  23048	  62516	   f434	debug.elf
Finished building: debug.elf.size
 
17:27:00 **** Incremental Build of configuration Debug for project debug ****
make pre-build main-build 
a9-linaro-pre-build-step
 
Building file: ../src/main.c
Invoking: ARM v7 gcc compiler
arm-none-eabi-gcc -Wall -O0 -g3 -c -fmessage-length=0 -MT"src/main.o" -mcpu=cortex-a9 -mfpu=vfpv3 -mfloat-abi=hard -I../../debug_bsp/ps7_cortexa9_0/include -MMD -MP -MF"src/main.d" -MT"src/main.o" -o "src/main.o" "../src/main.c"
In file included from ../../debug_bsp/ps7_cortexa9_0/include/xuartps.h:187:0,
                 from ../src/main.c:9:
../src/main.c: In function 'cdma_transfer':
../../debug_bsp/ps7_cortexa9_0/include/xstatus.h:65:41: warning: 'return' with a value, in function returning void
 #define XST_FAILURE                     1L
                                         ^
../src/main.c:199:11: note: in expansion of macro 'XST_FAILURE'
    return XST_FAILURE;
           ^~~~~~~~~~~
../src/main.c:183:6: note: declared here
 void cdma_transfer(int modo,u8 * cdma_memory,u8 * source, int numofbytes){
      ^~~~~~~~~~~~~
At top level:
../src/main.c:276:13: warning: 'Example_CallBack' defined but not used [-Wunused-function]
 static void Example_CallBack(void *CallBackRef, u32 IrqMask, int *IgnorePtr)
             ^~~~~~~~~~~~~~~~
Finished building: ../src/main.c
 
Building target: debug.elf
Invoking: ARM v7 gcc linker
arm-none-eabi-gcc -mcpu=cortex-a9 -mfpu=vfpv3 -mfloat-abi=hard -Wl,-build-id=none -specs=Xilinx.spec -Wl,-T -Wl,../src/lscript.ld -L../../debug_bsp/ps7_cortexa9_0/lib -o "debug.elf"  ./src/main.o   -Wl,--start-group,-lxil,-lgcc,-lc,--end-group
Finished building target: debug.elf
 
Invoking: ARM v7 Print Size
arm-none-eabi-size debug.elf  |tee "debug.elf.size"
   text	   data	    bss	    dec	    hex	filename
  38256	   1212	  23048	  62516	   f434	debug.elf
Finished building: debug.elf.size
 
17:27:32 **** Incremental Build of configuration Debug for project debug ****
make pre-build main-build 
a9-linaro-pre-build-step
 
Building file: ../src/main.c
Invoking: ARM v7 gcc compiler
arm-none-eabi-gcc -Wall -O0 -g3 -c -fmessage-length=0 -MT"src/main.o" -mcpu=cortex-a9 -mfpu=vfpv3 -mfloat-abi=hard -I../../debug_bsp/ps7_cortexa9_0/include -MMD -MP -MF"src/main.d" -MT"src/main.o" -o "src/main.o" "../src/main.c"
In file included from ../../debug_bsp/ps7_cortexa9_0/include/xuartps.h:187:0,
                 from ../src/main.c:9:
../src/main.c: In function 'cdma_transfer':
../../debug_bsp/ps7_cortexa9_0/include/xstatus.h:65:41: warning: 'return' with a value, in function returning void
 #define XST_FAILURE                     1L
                                         ^
../src/main.c:199:11: note: in expansion of macro 'XST_FAILURE'
    return XST_FAILURE;
           ^~~~~~~~~~~
../src/main.c:183:6: note: declared here
 void cdma_transfer(int modo,u8 * cdma_memory,u8 * source, int numofbytes){
      ^~~~~~~~~~~~~
At top level:
../src/main.c:276:13: warning: 'Example_CallBack' defined but not used [-Wunused-function]
 static void Example_CallBack(void *CallBackRef, u32 IrqMask, int *IgnorePtr)
             ^~~~~~~~~~~~~~~~
Finished building: ../src/main.c
 
Building target: debug.elf
Invoking: ARM v7 gcc linker
arm-none-eabi-gcc -mcpu=cortex-a9 -mfpu=vfpv3 -mfloat-abi=hard -Wl,-build-id=none -specs=Xilinx.spec -Wl,-T -Wl,../src/lscript.ld -L../../debug_bsp/ps7_cortexa9_0/lib -o "debug.elf"  ./src/main.o   -Wl,--start-group,-lxil,-lgcc,-lc,--end-group
Finished building target: debug.elf
 
Invoking: ARM v7 Print Size
arm-none-eabi-size debug.elf  |tee "debug.elf.size"
   text	   data	    bss	    dec	    hex	filename
  38256	   1212	  23048	  62516	   f434	debug.elf
Finished building: debug.elf.size
 
17:27:57 **** Incremental Build of configuration Debug for project debug ****
make pre-build main-build 
a9-linaro-pre-build-step
 
Building file: ../src/main.c
Invoking: ARM v7 gcc compiler
arm-none-eabi-gcc -Wall -O0 -g3 -c -fmessage-length=0 -MT"src/main.o" -mcpu=cortex-a9 -mfpu=vfpv3 -mfloat-abi=hard -I../../debug_bsp/ps7_cortexa9_0/include -MMD -MP -MF"src/main.d" -MT"src/main.o" -o "src/main.o" "../src/main.c"
In file included from ../../debug_bsp/ps7_cortexa9_0/include/xuartps.h:187:0,
                 from ../src/main.c:9:
../src/main.c: In function 'cdma_transfer':
../../debug_bsp/ps7_cortexa9_0/include/xstatus.h:65:41: warning: 'return' with a value, in function returning void
 #define XST_FAILURE                     1L
                                         ^
../src/main.c:199:11: note: in expansion of macro 'XST_FAILURE'
    return XST_FAILURE;
           ^~~~~~~~~~~
../src/main.c:183:6: note: declared here
 void cdma_transfer(int modo,u8 * cdma_memory,u8 * source, int numofbytes){
      ^~~~~~~~~~~~~
At top level:
../src/main.c:276:13: warning: 'Example_CallBack' defined but not used [-Wunused-function]
 static void Example_CallBack(void *CallBackRef, u32 IrqMask, int *IgnorePtr)
             ^~~~~~~~~~~~~~~~
Finished building: ../src/main.c
 
Building target: debug.elf
Invoking: ARM v7 gcc linker
arm-none-eabi-gcc -mcpu=cortex-a9 -mfpu=vfpv3 -mfloat-abi=hard -Wl,-build-id=none -specs=Xilinx.spec -Wl,-T -Wl,../src/lscript.ld -L../../debug_bsp/ps7_cortexa9_0/lib -o "debug.elf"  ./src/main.o   -Wl,--start-group,-lxil,-lgcc,-lc,--end-group
Finished building target: debug.elf
 
Invoking: ARM v7 Print Size
arm-none-eabi-size debug.elf  |tee "debug.elf.size"
   text	   data	    bss	    dec	    hex	filename
  38256	   1212	  23048	  62516	   f434	debug.elf
Finished building: debug.elf.size
 
17:28:20 **** Incremental Build of configuration Debug for project debug ****
make pre-build main-build 
a9-linaro-pre-build-step
 
Building file: ../src/main.c
Invoking: ARM v7 gcc compiler
arm-none-eabi-gcc -Wall -O0 -g3 -c -fmessage-length=0 -MT"src/main.o" -mcpu=cortex-a9 -mfpu=vfpv3 -mfloat-abi=hard -I../../debug_bsp/ps7_cortexa9_0/include -MMD -MP -MF"src/main.d" -MT"src/main.o" -o "src/main.o" "../src/main.c"
In file included from ../../debug_bsp/ps7_cortexa9_0/include/xuartps.h:187:0,
                 from ../src/main.c:9:
../src/main.c: In function 'cdma_transfer':
../../debug_bsp/ps7_cortexa9_0/include/xstatus.h:65:41: warning: 'return' with a value, in function returning void
 #define XST_FAILURE                     1L
                                         ^
../src/main.c:199:11: note: in expansion of macro 'XST_FAILURE'
    return XST_FAILURE;
           ^~~~~~~~~~~
../src/main.c:183:6: note: declared here
 void cdma_transfer(int modo,u8 * cdma_memory,u8 * source, int numofbytes){
      ^~~~~~~~~~~~~
At top level:
../src/main.c:276:13: warning: 'Example_CallBack' defined but not used [-Wunused-function]
 static void Example_CallBack(void *CallBackRef, u32 IrqMask, int *IgnorePtr)
             ^~~~~~~~~~~~~~~~
Finished building: ../src/main.c
 
Building target: debug.elf
Invoking: ARM v7 gcc linker
arm-none-eabi-gcc -mcpu=cortex-a9 -mfpu=vfpv3 -mfloat-abi=hard -Wl,-build-id=none -specs=Xilinx.spec -Wl,-T -Wl,../src/lscript.ld -L../../debug_bsp/ps7_cortexa9_0/lib -o "debug.elf"  ./src/main.o   -Wl,--start-group,-lxil,-lgcc,-lc,--end-group
Finished building target: debug.elf
 
Invoking: ARM v7 Print Size
arm-none-eabi-size debug.elf  |tee "debug.elf.size"
   text	   data	    bss	    dec	    hex	filename
  38256	   1212	  23048	  62516	   f434	debug.elf
Finished building: debug.elf.size
 
17:31:10 **** Incremental Build of configuration Debug for project debug ****
make pre-build main-build 
a9-linaro-pre-build-step
 
Building file: ../src/main.c
Invoking: ARM v7 gcc compiler
arm-none-eabi-gcc -Wall -O0 -g3 -c -fmessage-length=0 -MT"src/main.o" -mcpu=cortex-a9 -mfpu=vfpv3 -mfloat-abi=hard -I../../debug_bsp/ps7_cortexa9_0/include -MMD -MP -MF"src/main.d" -MT"src/main.o" -o "src/main.o" "../src/main.c"
In file included from ../../debug_bsp/ps7_cortexa9_0/include/xuartps.h:187:0,
                 from ../src/main.c:9:
../src/main.c: In function 'cdma_transfer':
../../debug_bsp/ps7_cortexa9_0/include/xstatus.h:65:41: warning: 'return' with a value, in function returning void
 #define XST_FAILURE                     1L
                                         ^
../src/main.c:199:11: note: in expansion of macro 'XST_FAILURE'
    return XST_FAILURE;
           ^~~~~~~~~~~
../src/main.c:183:6: note: declared here
 void cdma_transfer(int modo,u8 * cdma_memory,u8 * source, int numofbytes){
      ^~~~~~~~~~~~~
At top level:
../src/main.c:276:13: warning: 'Example_CallBack' defined but not used [-Wunused-function]
 static void Example_CallBack(void *CallBackRef, u32 IrqMask, int *IgnorePtr)
             ^~~~~~~~~~~~~~~~
Finished building: ../src/main.c
 
Building target: debug.elf
Invoking: ARM v7 gcc linker
arm-none-eabi-gcc -mcpu=cortex-a9 -mfpu=vfpv3 -mfloat-abi=hard -Wl,-build-id=none -specs=Xilinx.spec -Wl,-T -Wl,../src/lscript.ld -L../../debug_bsp/ps7_cortexa9_0/lib -o "debug.elf"  ./src/main.o   -Wl,--start-group,-lxil,-lgcc,-lc,--end-group
Finished building target: debug.elf
 
Invoking: ARM v7 Print Size
arm-none-eabi-size debug.elf  |tee "debug.elf.size"
   text	   data	    bss	    dec	    hex	filename
  38256	   1212	  23048	  62516	   f434	debug.elf
Finished building: debug.elf.size
 
17:31:51 **** Incremental Build of configuration Debug for project debug ****
make pre-build main-build 
a9-linaro-pre-build-step
 
Building file: ../src/main.c
Invoking: ARM v7 gcc compiler
arm-none-eabi-gcc -Wall -O0 -g3 -c -fmessage-length=0 -MT"src/main.o" -mcpu=cortex-a9 -mfpu=vfpv3 -mfloat-abi=hard -I../../debug_bsp/ps7_cortexa9_0/include -MMD -MP -MF"src/main.d" -MT"src/main.o" -o "src/main.o" "../src/main.c"
In file included from ../../debug_bsp/ps7_cortexa9_0/include/xuartps.h:187:0,
                 from ../src/main.c:9:
../src/main.c: In function 'cdma_transfer':
../../debug_bsp/ps7_cortexa9_0/include/xstatus.h:65:41: warning: 'return' with a value, in function returning void
 #define XST_FAILURE                     1L
                                         ^
../src/main.c:199:11: note: in expansion of macro 'XST_FAILURE'
    return XST_FAILURE;
           ^~~~~~~~~~~
../src/main.c:183:6: note: declared here
 void cdma_transfer(int modo,u8 * cdma_memory,u8 * source, int numofbytes){
      ^~~~~~~~~~~~~
At top level:
../src/main.c:276:13: warning: 'Example_CallBack' defined but not used [-Wunused-function]
 static void Example_CallBack(void *CallBackRef, u32 IrqMask, int *IgnorePtr)
             ^~~~~~~~~~~~~~~~
Finished building: ../src/main.c
 
Building target: debug.elf
Invoking: ARM v7 gcc linker
arm-none-eabi-gcc -mcpu=cortex-a9 -mfpu=vfpv3 -mfloat-abi=hard -Wl,-build-id=none -specs=Xilinx.spec -Wl,-T -Wl,../src/lscript.ld -L../../debug_bsp/ps7_cortexa9_0/lib -o "debug.elf"  ./src/main.o   -Wl,--start-group,-lxil,-lgcc,-lc,--end-group
Finished building target: debug.elf
 
Invoking: ARM v7 Print Size
arm-none-eabi-size debug.elf  |tee "debug.elf.size"
   text	   data	    bss	    dec	    hex	filename
  38256	   1212	  23048	  62516	   f434	debug.elf
Finished building: debug.elf.size
 
17:35:29 **** Incremental Build of configuration Debug for project debug ****
make pre-build main-build 
a9-linaro-pre-build-step
 
Building file: ../src/main.c
Invoking: ARM v7 gcc compiler
arm-none-eabi-gcc -Wall -O0 -g3 -c -fmessage-length=0 -MT"src/main.o" -mcpu=cortex-a9 -mfpu=vfpv3 -mfloat-abi=hard -I../../debug_bsp/ps7_cortexa9_0/include -MMD -MP -MF"src/main.d" -MT"src/main.o" -o "src/main.o" "../src/main.c"
In file included from ../../debug_bsp/ps7_cortexa9_0/include/xuartps.h:187:0,
                 from ../src/main.c:9:
../src/main.c: In function 'cdma_transfer':
../../debug_bsp/ps7_cortexa9_0/include/xstatus.h:65:41: warning: 'return' with a value, in function returning void
 #define XST_FAILURE                     1L
                                         ^
../src/main.c:199:11: note: in expansion of macro 'XST_FAILURE'
    return XST_FAILURE;
           ^~~~~~~~~~~
../src/main.c:183:6: note: declared here
 void cdma_transfer(int modo,u8 * cdma_memory,u8 * source, int numofbytes){
      ^~~~~~~~~~~~~
At top level:
../src/main.c:276:13: warning: 'Example_CallBack' defined but not used [-Wunused-function]
 static void Example_CallBack(void *CallBackRef, u32 IrqMask, int *IgnorePtr)
             ^~~~~~~~~~~~~~~~
Finished building: ../src/main.c
 
Building target: debug.elf
Invoking: ARM v7 gcc linker
arm-none-eabi-gcc -mcpu=cortex-a9 -mfpu=vfpv3 -mfloat-abi=hard -Wl,-build-id=none -specs=Xilinx.spec -Wl,-T -Wl,../src/lscript.ld -L../../debug_bsp/ps7_cortexa9_0/lib -o "debug.elf"  ./src/main.o   -Wl,--start-group,-lxil,-lgcc,-lc,--end-group
Finished building target: debug.elf
 
Invoking: ARM v7 Print Size
arm-none-eabi-size debug.elf  |tee "debug.elf.size"
   text	   data	    bss	    dec	    hex	filename
  38256	   1212	  23048	  62516	   f434	debug.elf
Finished building: debug.elf.size
 
17:35:59 **** Incremental Build of configuration Debug for project debug ****
make pre-build main-build 
a9-linaro-pre-build-step
 
make: No se hace nada para `main-build'.
17:37:25 **** Incremental Build of configuration Debug for project debug ****
make pre-build main-build 
a9-linaro-pre-build-step
 
Building file: ../src/main.c
Invoking: ARM v7 gcc compiler
arm-none-eabi-gcc -Wall -O0 -g3 -c -fmessage-length=0 -MT"src/main.o" -mcpu=cortex-a9 -mfpu=vfpv3 -mfloat-abi=hard -I../../debug_bsp/ps7_cortexa9_0/include -MMD -MP -MF"src/main.d" -MT"src/main.o" -o "src/main.o" "../src/main.c"
In file included from ../../debug_bsp/ps7_cortexa9_0/include/xuartps.h:187:0,
                 from ../src/main.c:9:
../src/main.c: In function 'cdma_transfer':
../../debug_bsp/ps7_cortexa9_0/include/xstatus.h:65:41: warning: 'return' with a value, in function returning void
 #define XST_FAILURE                     1L
                                         ^
../src/main.c:199:11: note: in expansion of macro 'XST_FAILURE'
    return XST_FAILURE;
           ^~~~~~~~~~~
../src/main.c:183:6: note: declared here
 void cdma_transfer(int modo,u8 * cdma_memory,u8 * source, int numofbytes){
      ^~~~~~~~~~~~~
At top level:
../src/main.c:276:13: warning: 'Example_CallBack' defined but not used [-Wunused-function]
 static void Example_CallBack(void *CallBackRef, u32 IrqMask, int *IgnorePtr)
             ^~~~~~~~~~~~~~~~
Finished building: ../src/main.c
 
Building target: debug.elf
Invoking: ARM v7 gcc linker
arm-none-eabi-gcc -mcpu=cortex-a9 -mfpu=vfpv3 -mfloat-abi=hard -Wl,-build-id=none -specs=Xilinx.spec -Wl,-T -Wl,../src/lscript.ld -L../../debug_bsp/ps7_cortexa9_0/lib -o "debug.elf"  ./src/main.o   -Wl,--start-group,-lxil,-lgcc,-lc,--end-group
Finished building target: debug.elf
 
Invoking: ARM v7 Print Size
arm-none-eabi-size debug.elf  |tee "debug.elf.size"
   text	   data	    bss	    dec	    hex	filename
  38256	   1212	  23048	  62516	   f434	debug.elf
Finished building: debug.elf.size
 
17:38:42 **** Incremental Build of configuration Debug for project debug ****
make pre-build main-build 
a9-linaro-pre-build-step
 
Building file: ../src/main.c
Invoking: ARM v7 gcc compiler
arm-none-eabi-gcc -Wall -O0 -g3 -c -fmessage-length=0 -MT"src/main.o" -mcpu=cortex-a9 -mfpu=vfpv3 -mfloat-abi=hard -I../../debug_bsp/ps7_cortexa9_0/include -MMD -MP -MF"src/main.d" -MT"src/main.o" -o "src/main.o" "../src/main.c"
In file included from ../../debug_bsp/ps7_cortexa9_0/include/xuartps.h:187:0,
                 from ../src/main.c:9:
../src/main.c: In function 'cdma_transfer':
../../debug_bsp/ps7_cortexa9_0/include/xstatus.h:65:41: warning: 'return' with a value, in function returning void
 #define XST_FAILURE                     1L
                                         ^
../src/main.c:199:11: note: in expansion of macro 'XST_FAILURE'
    return XST_FAILURE;
           ^~~~~~~~~~~
../src/main.c:183:6: note: declared here
 void cdma_transfer(int modo,u8 * cdma_memory,u8 * source, int numofbytes){
      ^~~~~~~~~~~~~
At top level:
../src/main.c:276:13: warning: 'Example_CallBack' defined but not used [-Wunused-function]
 static void Example_CallBack(void *CallBackRef, u32 IrqMask, int *IgnorePtr)
             ^~~~~~~~~~~~~~~~
Finished building: ../src/main.c
 
Building target: debug.elf
Invoking: ARM v7 gcc linker
arm-none-eabi-gcc -mcpu=cortex-a9 -mfpu=vfpv3 -mfloat-abi=hard -Wl,-build-id=none -specs=Xilinx.spec -Wl,-T -Wl,../src/lscript.ld -L../../debug_bsp/ps7_cortexa9_0/lib -o "debug.elf"  ./src/main.o   -Wl,--start-group,-lxil,-lgcc,-lc,--end-group
Finished building target: debug.elf
 
Invoking: ARM v7 Print Size
arm-none-eabi-size debug.elf  |tee "debug.elf.size"
   text	   data	    bss	    dec	    hex	filename
  38256	   1212	  23048	  62516	   f434	debug.elf
Finished building: debug.elf.size
 
17:46:15 **** Incremental Build of configuration Debug for project debug ****
make pre-build main-build 
a9-linaro-pre-build-step
 
Building file: ../src/main.c
Invoking: ARM v7 gcc compiler
arm-none-eabi-gcc -Wall -O0 -g3 -c -fmessage-length=0 -MT"src/main.o" -mcpu=cortex-a9 -mfpu=vfpv3 -mfloat-abi=hard -I../../debug_bsp/ps7_cortexa9_0/include -MMD -MP -MF"src/main.d" -MT"src/main.o" -o "src/main.o" "../src/main.c"
../src/main.c: In function 'main':
../src/main.c:154:9: error: 'count' undeclared (first use in this function)
   while(count<=100){count++;}
         ^~~~~
../src/main.c:154:9: note: each undeclared identifier is reported only once for each function it appears in
In file included from ../../debug_bsp/ps7_cortexa9_0/include/xuartps.h:187:0,
                 from ../src/main.c:9:
../src/main.c: In function 'cdma_transfer':
../../debug_bsp/ps7_cortexa9_0/include/xstatus.h:65:41: warning: 'return' with a value, in function returning void
 #define XST_FAILURE                     1L
                                         ^
../src/main.c:200:11: note: in expansion of macro 'XST_FAILURE'
    return XST_FAILURE;
           ^~~~~~~~~~~
../src/main.c:184:6: note: declared here
 void cdma_transfer(int modo,u8 * cdma_memory,u8 * source, int numofbytes){
      ^~~~~~~~~~~~~
At top level:
../src/main.c:277:13: warning: 'Example_CallBack' defined but not used [-Wunused-function]
 static void Example_CallBack(void *CallBackRef, u32 IrqMask, int *IgnorePtr)
             ^~~~~~~~~~~~~~~~
make: *** [src/main.o] Error 1
17:46:42 **** Incremental Build of configuration Debug for project debug ****
make pre-build main-build 
a9-linaro-pre-build-step
 
Building file: ../src/main.c
Invoking: ARM v7 gcc compiler
arm-none-eabi-gcc -Wall -O0 -g3 -c -fmessage-length=0 -MT"src/main.o" -mcpu=cortex-a9 -mfpu=vfpv3 -mfloat-abi=hard -I../../debug_bsp/ps7_cortexa9_0/include -MMD -MP -MF"src/main.d" -MT"src/main.o" -o "src/main.o" "../src/main.c"
In file included from ../../debug_bsp/ps7_cortexa9_0/include/xuartps.h:187:0,
                 from ../src/main.c:9:
../src/main.c: In function 'cdma_transfer':
../../debug_bsp/ps7_cortexa9_0/include/xstatus.h:65:41: warning: 'return' with a value, in function returning void
 #define XST_FAILURE                     1L
                                         ^
../src/main.c:201:11: note: in expansion of macro 'XST_FAILURE'
    return XST_FAILURE;
           ^~~~~~~~~~~
../src/main.c:185:6: note: declared here
 void cdma_transfer(int modo,u8 * cdma_memory,u8 * source, int numofbytes){
      ^~~~~~~~~~~~~
At top level:
../src/main.c:278:13: warning: 'Example_CallBack' defined but not used [-Wunused-function]
 static void Example_CallBack(void *CallBackRef, u32 IrqMask, int *IgnorePtr)
             ^~~~~~~~~~~~~~~~
Finished building: ../src/main.c
 
Building target: debug.elf
Invoking: ARM v7 gcc linker
arm-none-eabi-gcc -mcpu=cortex-a9 -mfpu=vfpv3 -mfloat-abi=hard -Wl,-build-id=none -specs=Xilinx.spec -Wl,-T -Wl,../src/lscript.ld -L../../debug_bsp/ps7_cortexa9_0/lib -o "debug.elf"  ./src/main.o   -Wl,--start-group,-lxil,-lgcc,-lc,--end-group
Finished building target: debug.elf
 
Invoking: ARM v7 Print Size
arm-none-eabi-size debug.elf  |tee "debug.elf.size"
   text	   data	    bss	    dec	    hex	filename
  38320	   1212	  23048	  62580	   f474	debug.elf
Finished building: debug.elf.size
 
18:34:21 **** Build of project debug_bsp ****
make -k all 
"Running Make include in ps7_cortexa9_0/libsrc/axicdma_v4_3/src"
C:/XilinxVivado/SDK/2017.2/gnuwin/bin/make -C ps7_cortexa9_0/libsrc/axicdma_v4_3/src -s include  "SHELL=CMD" "COMPILER=arm-none-eabi-gcc" "ARCHIVER=arm-none-eabi-ar" "COMPILER_FLAGS=  -O2 -c" "EXTRA_COMPILER_FLAGS=-mcpu=cortex-a9 -mfpu=vfpv3 -mfloat-abi=hard -nostartfiles -Wall -Wextra"
"Running Make include in ps7_cortexa9_0/libsrc/coresightps_dcc_v1_4/src"
C:/XilinxVivado/SDK/2017.2/gnuwin/bin/make -C ps7_cortexa9_0/libsrc/coresightps_dcc_v1_4/src -s include  "SHELL=CMD" "COMPILER=arm-none-eabi-gcc" "ARCHIVER=arm-none-eabi-ar" "COMPILER_FLAGS=  -O2 -c" "EXTRA_COMPILER_FLAGS=-mcpu=cortex-a9 -mfpu=vfpv3 -mfloat-abi=hard -nostartfiles -Wall -Wextra"
"Running Make include in ps7_cortexa9_0/libsrc/cpu_cortexa9_v2_4/src"
C:/XilinxVivado/SDK/2017.2/gnuwin/bin/make -C ps7_cortexa9_0/libsrc/cpu_cortexa9_v2_4/src -s include  "SHELL=CMD" "COMPILER=arm-none-eabi-gcc" "ARCHIVER=arm-none-eabi-ar" "COMPILER_FLAGS=  -O2 -c" "EXTRA_COMPILER_FLAGS=-mcpu=cortex-a9 -mfpu=vfpv3 -mfloat-abi=hard -nostartfiles -Wall -Wextra"
"Running Make include in ps7_cortexa9_0/libsrc/ddrps_v1_0/src"
C:/XilinxVivado/SDK/2017.2/gnuwin/bin/make -C ps7_cortexa9_0/libsrc/ddrps_v1_0/src -s include  "SHELL=CMD" "COMPILER=arm-none-eabi-gcc" "ARCHIVER=arm-none-eabi-ar" "COMPILER_FLAGS=  -O2 -c" "EXTRA_COMPILER_FLAGS=-mcpu=cortex-a9 -mfpu=vfpv3 -mfloat-abi=hard -nostartfiles -Wall -Wextra"
"Running Make include in ps7_cortexa9_0/libsrc/devcfg_v3_4/src"
C:/XilinxVivado/SDK/2017.2/gnuwin/bin/make -C ps7_cortexa9_0/libsrc/devcfg_v3_4/src -s include  "SHELL=CMD" "COMPILER=arm-none-eabi-gcc" "ARCHIVER=arm-none-eabi-ar" "COMPILER_FLAGS=  -O2 -c" "EXTRA_COMPILER_FLAGS=-mcpu=cortex-a9 -mfpu=vfpv3 -mfloat-abi=hard -nostartfiles -Wall -Wextra"
"Running Make include in ps7_cortexa9_0/libsrc/dmaps_v2_3/src"
C:/XilinxVivado/SDK/2017.2/gnuwin/bin/make -C ps7_cortexa9_0/libsrc/dmaps_v2_3/src -s include  "SHELL=CMD" "COMPILER=arm-none-eabi-gcc" "ARCHIVER=arm-none-eabi-ar" "COMPILER_FLAGS=  -O2 -c" "EXTRA_COMPILER_FLAGS=-mcpu=cortex-a9 -mfpu=vfpv3 -mfloat-abi=hard -nostartfiles -Wall -Wextra"
"Running Make include in ps7_cortexa9_0/libsrc/gpio_v4_3/src"
C:/XilinxVivado/SDK/2017.2/gnuwin/bin/make -C ps7_cortexa9_0/libsrc/gpio_v4_3/src -s include  "SHELL=CMD" "COMPILER=arm-none-eabi-gcc" "ARCHIVER=arm-none-eabi-ar" "COMPILER_FLAGS=  -O2 -c" "EXTRA_COMPILER_FLAGS=-mcpu=cortex-a9 -mfpu=vfpv3 -mfloat-abi=hard -nostartfiles -Wall -Wextra"
"Running Make include in ps7_cortexa9_0/libsrc/gpiops_v3_3/src"
[...]
In file included from ../src/main.c:18:0:
../src/ROM.h:27:7: warning: excess elements in array initializer
       0x00000000};
       ^~~~~~~~~~
../src/ROM.h:27:7: note: (near initialization for 'instruction')
In file included from ../../debug_bsp/ps7_cortexa9_0/include/xuartps.h:187:0,
                 from ../src/main.c:9:
../src/main.c: In function 'cdma_transfer':
../../debug_bsp/ps7_cortexa9_0/include/xstatus.h:65:41: warning: 'return' with a value, in function returning void
 #define XST_FAILURE                     1L
                                         ^
../src/main.c:209:11: note: in expansion of macro 'XST_FAILURE'
    return XST_FAILURE;
           ^~~~~~~~~~~
../src/main.c:193:6: note: declared here
 void cdma_transfer(int modo,u8 * cdma_memory,u8 * source, int numofbytes){
      ^~~~~~~~~~~~~
../src/main.c: In function 'ScuGicInterrupt_Init':
../src/main.c:339:1: warning: control reaches end of non-void function [-Wreturn-type]
 }
 ^
Finished building: ../src/main.c
 
Building target: debug.elf
Invoking: ARM v7 gcc linker
arm-none-eabi-gcc -mcpu=cortex-a9 -mfpu=vfpv3 -mfloat-abi=hard -Wl,-build-id=none -specs=Xilinx.spec -Wl,-T -Wl,../src/lscript.ld -L../../debug_bsp/ps7_cortexa9_0/lib -o "debug.elf"  ./src/main.o   -Wl,--start-group,-lxil,-lgcc,-lc,--end-group
Finished building target: debug.elf
 
Invoking: ARM v7 Print Size
arm-none-eabi-size debug.elf  |tee "debug.elf.size"
   text	   data	    bss	    dec	    hex	filename
  38728	   2780	  23064	  64572	   fc3c	debug.elf
Finished building: debug.elf.size
 
23:38:35 **** Incremental Build of configuration Debug for project debug ****
make pre-build main-build 
a9-linaro-pre-build-step
 
make: No se hace nada para `main-build'.
23:39:08 **** Incremental Build of configuration Debug for project debug ****
make pre-build main-build 
a9-linaro-pre-build-step
 
make: No se hace nada para `main-build'.
23:42:57 **** Incremental Build of configuration Debug for project debug ****
make pre-build main-build 
a9-linaro-pre-build-step
 
Building file: ../src/main.c
Invoking: ARM v7 gcc compiler
arm-none-eabi-gcc -Wall -O0 -g3 -c -fmessage-length=0 -MT"src/main.o" -mcpu=cortex-a9 -mfpu=vfpv3 -mfloat-abi=hard -I../../debug_bsp/ps7_cortexa9_0/include -MMD -MP -MF"src/main.d" -MT"src/main.o" -o "src/main.o" "../src/main.c"
In file included from ../src/main.c:18:0:
../src/ROM.h:27:7: warning: excess elements in array initializer
       0x00000000};
       ^~~~~~~~~~
../src/ROM.h:27:7: note: (near initialization for 'instruction')
In file included from ../../debug_bsp/ps7_cortexa9_0/include/xuartps.h:187:0,
                 from ../src/main.c:9:
../src/main.c: In function 'cdma_transfer':
../../debug_bsp/ps7_cortexa9_0/include/xstatus.h:65:41: warning: 'return' with a value, in function returning void
 #define XST_FAILURE                     1L
                                         ^
../src/main.c:209:11: note: in expansion of macro 'XST_FAILURE'
    return XST_FAILURE;
           ^~~~~~~~~~~
../src/main.c:193:6: note: declared here
 void cdma_transfer(int modo,u8 * cdma_memory,u8 * source, int numofbytes){
      ^~~~~~~~~~~~~
../src/main.c: In function 'ScuGicInterrupt_Init':
../src/main.c:339:1: warning: control reaches end of non-void function [-Wreturn-type]
 }
 ^
Finished building: ../src/main.c
 
Building target: debug.elf
Invoking: ARM v7 gcc linker
arm-none-eabi-gcc -mcpu=cortex-a9 -mfpu=vfpv3 -mfloat-abi=hard -Wl,-build-id=none -specs=Xilinx.spec -Wl,-T -Wl,../src/lscript.ld -L../../debug_bsp/ps7_cortexa9_0/lib -o "debug.elf"  ./src/main.o   -Wl,--start-group,-lxil,-lgcc,-lc,--end-group
Finished building target: debug.elf
 
Invoking: ARM v7 Print Size
arm-none-eabi-size debug.elf  |tee "debug.elf.size"
   text	   data	    bss	    dec	    hex	filename
  38728	   2780	  23064	  64572	   fc3c	debug.elf
Finished building: debug.elf.size
 
23:55:41 **** Auto Build of configuration Debug for project debug ****
make pre-build main-build 
a9-linaro-pre-build-step
 
Building file: ../src/main.c
Invoking: ARM v7 gcc compiler
arm-none-eabi-gcc -Wall -O0 -g3 -c -fmessage-length=0 -MT"src/main.o" -mcpu=cortex-a9 -mfpu=vfpv3 -mfloat-abi=hard -I../../debug_bsp/ps7_cortexa9_0/include -MMD -MP -MF"src/main.d" -MT"src/main.o" -o "src/main.o" "../src/main.c"
In file included from ../src/main.c:18:0:
../src/ROM.h:27:7: warning: excess elements in array initializer
       0x00000000};
       ^~~~~~~~~~
../src/ROM.h:27:7: note: (near initialization for 'instruction')
In file included from ../../debug_bsp/ps7_cortexa9_0/include/xuartps.h:187:0,
                 from ../src/main.c:9:
../src/main.c: In function 'cdma_transfer':
../../debug_bsp/ps7_cortexa9_0/include/xstatus.h:65:41: warning: 'return' with a value, in function returning void
 #define XST_FAILURE                     1L
                                         ^
../src/main.c:208:11: note: in expansion of macro 'XST_FAILURE'
    return XST_FAILURE;
           ^~~~~~~~~~~
../src/main.c:192:6: note: declared here
 void cdma_transfer(int modo,u8 * cdma_memory,u8 * source, int numofbytes){
      ^~~~~~~~~~~~~
../src/main.c: In function 'ScuGicInterrupt_Init':
../src/main.c:338:1: warning: control reaches end of non-void function [-Wreturn-type]
 }
 ^
Finished building: ../src/main.c
 
Building target: debug.elf
Invoking: ARM v7 gcc linker
arm-none-eabi-gcc -mcpu=cortex-a9 -mfpu=vfpv3 -mfloat-abi=hard -Wl,-build-id=none -specs=Xilinx.spec -Wl,-T -Wl,../src/lscript.ld -L../../debug_bsp/ps7_cortexa9_0/lib -o "debug.elf"  ./src/main.o   -Wl,--start-group,-lxil,-lgcc,-lc,--end-group
Finished building target: debug.elf
 
Invoking: ARM v7 Print Size
arm-none-eabi-size debug.elf  |tee "debug.elf.size"
   text	   data	    bss	    dec	    hex	filename
  38712	   2780	  23064	  64556	   fc2c	debug.elf
Finished building: debug.elf.size
 
23:55:46 **** Incremental Build of configuration Debug for project debug ****
make pre-build main-build 
a9-linaro-pre-build-step
 
make: No se hace nada para `main-build'.
23:56:43 **** Incremental Build of configuration Debug for project debug ****
make pre-build main-build 
a9-linaro-pre-build-step
 
Building file: ../src/main.c
Invoking: ARM v7 gcc compiler
arm-none-eabi-gcc -Wall -O0 -g3 -c -fmessage-length=0 -MT"src/main.o" -mcpu=cortex-a9 -mfpu=vfpv3 -mfloat-abi=hard -I../../debug_bsp/ps7_cortexa9_0/include -MMD -MP -MF"src/main.d" -MT"src/main.o" -o "src/main.o" "../src/main.c"
In file included from ../src/main.c:18:0:
../src/ROM.h:27:7: warning: excess elements in array initializer
       0x00000000};
       ^~~~~~~~~~
../src/ROM.h:27:7: note: (near initialization for 'instruction')
In file included from ../../debug_bsp/ps7_cortexa9_0/include/xuartps.h:187:0,
                 from ../src/main.c:9:
../src/main.c: In function 'cdma_transfer':
../../debug_bsp/ps7_cortexa9_0/include/xstatus.h:65:41: warning: 'return' with a value, in function returning void
 #define XST_FAILURE                     1L
                                         ^
../src/main.c:208:11: note: in expansion of macro 'XST_FAILURE'
    return XST_FAILURE;
           ^~~~~~~~~~~
../src/main.c:192:6: note: declared here
 void cdma_transfer(int modo,u8 * cdma_memory,u8 * source, int numofbytes){
      ^~~~~~~~~~~~~
../src/main.c: In function 'ScuGicInterrupt_Init':
../src/main.c:338:1: warning: control reaches end of non-void function [-Wreturn-type]
 }
 ^
Finished building: ../src/main.c
 
Building target: debug.elf
Invoking: ARM v7 gcc linker
arm-none-eabi-gcc -mcpu=cortex-a9 -mfpu=vfpv3 -mfloat-abi=hard -Wl,-build-id=none -specs=Xilinx.spec -Wl,-T -Wl,../src/lscript.ld -L../../debug_bsp/ps7_cortexa9_0/lib -o "debug.elf"  ./src/main.o   -Wl,--start-group,-lxil,-lgcc,-lc,--end-group
Finished building target: debug.elf
 
Invoking: ARM v7 Print Size
arm-none-eabi-size debug.elf  |tee "debug.elf.size"
   text	   data	    bss	    dec	    hex	filename
  38712	   2780	  23064	  64556	   fc2c	debug.elf
Finished building: debug.elf.size
 
23:59:06 **** Incremental Build of configuration Debug for project debug ****
make pre-build main-build 
a9-linaro-pre-build-step
 
Building file: ../src/main.c
Invoking: ARM v7 gcc compiler
arm-none-eabi-gcc -Wall -O0 -g3 -c -fmessage-length=0 -MT"src/main.o" -mcpu=cortex-a9 -mfpu=vfpv3 -mfloat-abi=hard -I../../debug_bsp/ps7_cortexa9_0/include -MMD -MP -MF"src/main.d" -MT"src/main.o" -o "src/main.o" "../src/main.c"
In file included from ../src/main.c:18:0:
../src/ROM.h:27:7: warning: excess elements in array initializer
       0x00000000};
       ^~~~~~~~~~
../src/ROM.h:27:7: note: (near initialization for 'instruction')
In file included from ../../debug_bsp/ps7_cortexa9_0/include/xuartps.h:187:0,
                 from ../src/main.c:9:
../src/main.c: In function 'cdma_transfer':
../../debug_bsp/ps7_cortexa9_0/include/xstatus.h:65:41: warning: 'return' with a value, in function returning void
 #define XST_FAILURE                     1L
                                         ^
../src/main.c:208:11: note: in expansion of macro 'XST_FAILURE'
    return XST_FAILURE;
           ^~~~~~~~~~~
../src/main.c:192:6: note: declared here
 void cdma_transfer(int modo,u8 * cdma_memory,u8 * source, int numofbytes){
      ^~~~~~~~~~~~~
../src/main.c: In function 'ScuGicInterrupt_Init':
../src/main.c:338:1: warning: control reaches end of non-void function [-Wreturn-type]
 }
 ^
Finished building: ../src/main.c
 
Building target: debug.elf
Invoking: ARM v7 gcc linker
arm-none-eabi-gcc -mcpu=cortex-a9 -mfpu=vfpv3 -mfloat-abi=hard -Wl,-build-id=none -specs=Xilinx.spec -Wl,-T -Wl,../src/lscript.ld -L../../debug_bsp/ps7_cortexa9_0/lib -o "debug.elf"  ./src/main.o   -Wl,--start-group,-lxil,-lgcc,-lc,--end-group
Finished building target: debug.elf
 
Invoking: ARM v7 Print Size
arm-none-eabi-size debug.elf  |tee "debug.elf.size"
   text	   data	    bss	    dec	    hex	filename
  38712	   2780	  23064	  64556	   fc2c	debug.elf
Finished building: debug.elf.size
 
23:59:58 **** Incremental Build of configuration Debug for project debug ****
make pre-build main-build 
a9-linaro-pre-build-step
 
Building file: ../src/main.c
Invoking: ARM v7 gcc compiler
arm-none-eabi-gcc -Wall -O0 -g3 -c -fmessage-length=0 -MT"src/main.o" -mcpu=cortex-a9 -mfpu=vfpv3 -mfloat-abi=hard -I../../debug_bsp/ps7_cortexa9_0/include -MMD -MP -MF"src/main.d" -MT"src/main.o" -o "src/main.o" "../src/main.c"
In file included from ../src/main.c:18:0:
../src/ROM.h:27:7: warning: excess elements in array initializer
       0x00000000};
       ^~~~~~~~~~
../src/ROM.h:27:7: note: (near initialization for 'instruction')
In file included from ../../debug_bsp/ps7_cortexa9_0/include/xuartps.h:187:0,
                 from ../src/main.c:9:
../src/main.c: In function 'cdma_transfer':
../../debug_bsp/ps7_cortexa9_0/include/xstatus.h:65:41: warning: 'return' with a value, in function returning void
 #define XST_FAILURE                     1L
                                         ^
../src/main.c:208:11: note: in expansion of macro 'XST_FAILURE'
    return XST_FAILURE;
           ^~~~~~~~~~~
../src/main.c:192:6: note: declared here
 void cdma_transfer(int modo,u8 * cdma_memory,u8 * source, int numofbytes){
      ^~~~~~~~~~~~~
../src/main.c: In function 'ScuGicInterrupt_Init':
../src/main.c:338:1: warning: control reaches end of non-void function [-Wreturn-type]
 }
 ^
Finished building: ../src/main.c
 
Building target: debug.elf
Invoking: ARM v7 gcc linker
arm-none-eabi-gcc -mcpu=cortex-a9 -mfpu=vfpv3 -mfloat-abi=hard -Wl,-build-id=none -specs=Xilinx.spec -Wl,-T -Wl,../src/lscript.ld -L../../debug_bsp/ps7_cortexa9_0/lib -o "debug.elf"  ./src/main.o   -Wl,--start-group,-lxil,-lgcc,-lc,--end-group
Finished building target: debug.elf
 
Invoking: ARM v7 Print Size
arm-none-eabi-size debug.elf  |tee "debug.elf.size"
   text	   data	    bss	    dec	    hex	filename
  38712	   2780	  23064	  64556	   fc2c	debug.elf
Finished building: debug.elf.size
 
00:05:57 **** Incremental Build of configuration Debug for project debug ****
make pre-build main-build 
a9-linaro-pre-build-step
 
Building file: ../src/main.c
Invoking: ARM v7 gcc compiler
arm-none-eabi-gcc -Wall -O0 -g3 -c -fmessage-length=0 -MT"src/main.o" -mcpu=cortex-a9 -mfpu=vfpv3 -mfloat-abi=hard -I../../debug_bsp/ps7_cortexa9_0/include -MMD -MP -MF"src/main.d" -MT"src/main.o" -o "src/main.o" "../src/main.c"
In file included from ../src/main.c:18:0:
../src/ROM.h:27:7: warning: excess elements in array initializer
       0x00000000};
       ^~~~~~~~~~
../src/ROM.h:27:7: note: (near initialization for 'instruction')
In file included from ../../debug_bsp/ps7_cortexa9_0/include/xuartps.h:187:0,
                 from ../src/main.c:9:
../src/main.c: In function 'cdma_transfer':
../../debug_bsp/ps7_cortexa9_0/include/xstatus.h:65:41: warning: 'return' with a value, in function returning void
 #define XST_FAILURE                     1L
                                         ^
../src/main.c:208:11: note: in expansion of macro 'XST_FAILURE'
    return XST_FAILURE;
           ^~~~~~~~~~~
../src/main.c:192:6: note: declared here
 void cdma_transfer(int modo,u8 * cdma_memory,u8 * source, int numofbytes){
      ^~~~~~~~~~~~~
../src/main.c: In function 'ScuGicInterrupt_Init':
../src/main.c:337:1: warning: control reaches end of non-void function [-Wreturn-type]
 }
 ^
Finished building: ../src/main.c
 
Building target: debug.elf
Invoking: ARM v7 gcc linker
arm-none-eabi-gcc -mcpu=cortex-a9 -mfpu=vfpv3 -mfloat-abi=hard -Wl,-build-id=none -specs=Xilinx.spec -Wl,-T -Wl,../src/lscript.ld -L../../debug_bsp/ps7_cortexa9_0/lib -o "debug.elf"  ./src/main.o   -Wl,--start-group,-lxil,-lgcc,-lc,--end-group
Finished building target: debug.elf
 
Invoking: ARM v7 Print Size
arm-none-eabi-size debug.elf  |tee "debug.elf.size"
   text	   data	    bss	    dec	    hex	filename
  38712	   2780	  23064	  64556	   fc2c	debug.elf
Finished building: debug.elf.size
 
00:07:30 **** Incremental Build of configuration Debug for project debug ****
make pre-build main-build 
a9-linaro-pre-build-step
 
Building file: ../src/main.c
Invoking: ARM v7 gcc compiler
arm-none-eabi-gcc -Wall -O0 -g3 -c -fmessage-length=0 -MT"src/main.o" -mcpu=cortex-a9 -mfpu=vfpv3 -mfloat-abi=hard -I../../debug_bsp/ps7_cortexa9_0/include -MMD -MP -MF"src/main.d" -MT"src/main.o" -o "src/main.o" "../src/main.c"
In file included from ../src/main.c:18:0:
../src/ROM.h:27:7: warning: excess elements in array initializer
       0x00000000};
       ^~~~~~~~~~
../src/ROM.h:27:7: note: (near initialization for 'instruction')
In file included from ../../debug_bsp/ps7_cortexa9_0/include/xuartps.h:187:0,
                 from ../src/main.c:9:
../src/main.c: In function 'cdma_transfer':
../../debug_bsp/ps7_cortexa9_0/include/xstatus.h:65:41: warning: 'return' with a value, in function returning void
 #define XST_FAILURE                     1L
                                         ^
../src/main.c:208:11: note: in expansion of macro 'XST_FAILURE'
    return XST_FAILURE;
           ^~~~~~~~~~~
../src/main.c:192:6: note: declared here
 void cdma_transfer(int modo,u8 * cdma_memory,u8 * source, int numofbytes){
      ^~~~~~~~~~~~~
../src/main.c: In function 'ScuGicInterrupt_Init':
../src/main.c:337:1: warning: control reaches end of non-void function [-Wreturn-type]
 }
 ^
Finished building: ../src/main.c
 
Building target: debug.elf
Invoking: ARM v7 gcc linker
arm-none-eabi-gcc -mcpu=cortex-a9 -mfpu=vfpv3 -mfloat-abi=hard -Wl,-build-id=none -specs=Xilinx.spec -Wl,-T -Wl,../src/lscript.ld -L../../debug_bsp/ps7_cortexa9_0/lib -o "debug.elf"  ./src/main.o   -Wl,--start-group,-lxil,-lgcc,-lc,--end-group
Finished building target: debug.elf
 
Invoking: ARM v7 Print Size
arm-none-eabi-size debug.elf  |tee "debug.elf.size"
   text	   data	    bss	    dec	    hex	filename
  38648	   2780	  23064	  64492	   fbec	debug.elf
Finished building: debug.elf.size
 
00:08:52 **** Incremental Build of configuration Debug for project debug ****
make pre-build main-build 
a9-linaro-pre-build-step
 
Building file: ../src/main.c
Invoking: ARM v7 gcc compiler
arm-none-eabi-gcc -Wall -O0 -g3 -c -fmessage-length=0 -MT"src/main.o" -mcpu=cortex-a9 -mfpu=vfpv3 -mfloat-abi=hard -I../../debug_bsp/ps7_cortexa9_0/include -MMD -MP -MF"src/main.d" -MT"src/main.o" -o "src/main.o" "../src/main.c"
In file included from ../src/main.c:18:0:
../src/ROM.h:27:7: warning: excess elements in array initializer
       0x00000000};
       ^~~~~~~~~~
../src/ROM.h:27:7: note: (near initialization for 'instruction')
In file included from ../../debug_bsp/ps7_cortexa9_0/include/xuartps.h:187:0,
                 from ../src/main.c:9:
../src/main.c: In function 'cdma_transfer':
../../debug_bsp/ps7_cortexa9_0/include/xstatus.h:65:41: warning: 'return' with a value, in function returning void
 #define XST_FAILURE                     1L
                                         ^
../src/main.c:208:11: note: in expansion of macro 'XST_FAILURE'
    return XST_FAILURE;
           ^~~~~~~~~~~
../src/main.c:192:6: note: declared here
 void cdma_transfer(int modo,u8 * cdma_memory,u8 * source, int numofbytes){
      ^~~~~~~~~~~~~
../src/main.c: In function 'ScuGicInterrupt_Init':
../src/main.c:337:1: warning: control reaches end of non-void function [-Wreturn-type]
 }
 ^
Finished building: ../src/main.c
 
Building target: debug.elf
Invoking: ARM v7 gcc linker
arm-none-eabi-gcc -mcpu=cortex-a9 -mfpu=vfpv3 -mfloat-abi=hard -Wl,-build-id=none -specs=Xilinx.spec -Wl,-T -Wl,../src/lscript.ld -L../../debug_bsp/ps7_cortexa9_0/lib -o "debug.elf"  ./src/main.o   -Wl,--start-group,-lxil,-lgcc,-lc,--end-group
Finished building target: debug.elf
 
Invoking: ARM v7 Print Size
arm-none-eabi-size debug.elf  |tee "debug.elf.size"
   text	   data	    bss	    dec	    hex	filename
  38648	   2780	  23064	  64492	   fbec	debug.elf
Finished building: debug.elf.size
 
00:10:21 **** Auto Build of configuration Debug for project debug ****
make pre-build main-build 
a9-linaro-pre-build-step
 
Building file: ../src/main.c
Invoking: ARM v7 gcc compiler
arm-none-eabi-gcc -Wall -O0 -g3 -c -fmessage-length=0 -MT"src/main.o" -mcpu=cortex-a9 -mfpu=vfpv3 -mfloat-abi=hard -I../../debug_bsp/ps7_cortexa9_0/include -MMD -MP -MF"src/main.d" -MT"src/main.o" -o "src/main.o" "../src/main.c"
In file included from ../src/main.c:18:0:
../src/ROM.h:27:7: warning: excess elements in array initializer
       0x00000000};
       ^~~~~~~~~~
../src/ROM.h:27:7: note: (near initialization for 'instruction')
In file included from ../../debug_bsp/ps7_cortexa9_0/include/xuartps.h:187:0,
                 from ../src/main.c:9:
../src/main.c: In function 'cdma_transfer':
../../debug_bsp/ps7_cortexa9_0/include/xstatus.h:65:41: warning: 'return' with a value, in function returning void
 #define XST_FAILURE                     1L
                                         ^
../src/main.c:208:11: note: in expansion of macro 'XST_FAILURE'
    return XST_FAILURE;
           ^~~~~~~~~~~
../src/main.c:192:6: note: declared here
 void cdma_transfer(int modo,u8 * cdma_memory,u8 * source, int numofbytes){
      ^~~~~~~~~~~~~
../src/main.c: In function 'ScuGicInterrupt_Init':
../src/main.c:337:1: warning: control reaches end of non-void function [-Wreturn-type]
 }
 ^
Finished building: ../src/main.c
 
Building target: debug.elf
Invoking: ARM v7 gcc linker
arm-none-eabi-gcc -mcpu=cortex-a9 -mfpu=vfpv3 -mfloat-abi=hard -Wl,-build-id=none -specs=Xilinx.spec -Wl,-T -Wl,../src/lscript.ld -L../../debug_bsp/ps7_cortexa9_0/lib -o "debug.elf"  ./src/main.o   -Wl,--start-group,-lxil,-lgcc,-lc,--end-group
Finished building target: debug.elf
 
Invoking: ARM v7 Print Size
arm-none-eabi-size debug.elf  |tee "debug.elf.size"
   text	   data	    bss	    dec	    hex	filename
  38648	   2780	  23064	  64492	   fbec	debug.elf
Finished building: debug.elf.size
 
00:10:37 **** Incremental Build of configuration Debug for project debug ****
make pre-build main-build 
a9-linaro-pre-build-step
 
make: No se hace nada para `main-build'.
